/media/ograciac/main/ograciac/conda_envs/parsho/lib/python3.12/site-packages/cellpose/dynamics.py:541: UserWarning: Sparse invariant checks are implicitly disabled. Memory errors (e.g. SEGFAULT) will occur when operating on a sparse tensor which violates the invariants, but checks incur performance overhead. To silence this warning, explicitly opt in or out. See `torch.sparse.check_sparse_tensor_invariants.__doc__` for guidance.  (Triggered internally at /__w/pytorch/pytorch/aten/src/ATen/Context.cpp:816.)
  coo = torch.sparse_coo_tensor(pt, torch.ones(pt.shape[1], device=pt.device, dtype=torch.int),
Using GPU: True
Set 1 of 5: AVG_A1V1_0.5um000.tif
Traceback (most recent call last):
  File "/media/ograciac/light-roast/ograciac/MorroCells/parsho/scripts/process_rna-scope.py", line 140, in <module>
    trpa1_metrics_for_image = compute_cell_metrics(
                              ^^^^^^^^^^^^^^^^^^^^^
  File "/media/ograciac/light-roast/ograciac/MorroCells/parsho/parsho/maskfilters.py", line 155, in compute_cell_metrics
    agg_metrics = compute_shape_metrics(agg_labels)
                  ^^^^^^^^^^^^^^^^^^^^^^^^^^^^^^^^^
  File "/media/ograciac/light-roast/ograciac/MorroCells/parsho/parsho/maskfilters.py", line 125, in compute_shape_metrics
    for region in regionprops(labeled):
                  ^^^^^^^^^^^^^^^^^^^^
  File "/media/ograciac/main/ograciac/conda_envs/parsho/lib/python3.12/site-packages/skimage/measure/_regionprops.py", line 1429, in regionprops
    raise TypeError(
TypeError: Non-integer image types are ambiguous: use skimage.measure.label to label the connected components of label_image, or label_image.astype(np.uint8) to interpret the True values as a single label.
/media/ograciac/main/ograciac/conda_envs/parsho/lib/python3.12/site-packages/cellpose/dynamics.py:541: UserWarning: Sparse invariant checks are implicitly disabled. Memory errors (e.g. SEGFAULT) will occur when operating on a sparse tensor which violates the invariants, but checks incur performance overhead. To silence this warning, explicitly opt in or out. See `torch.sparse.check_sparse_tensor_invariants.__doc__` for guidance.  (Triggered internally at /__w/pytorch/pytorch/aten/src/ATen/Context.cpp:816.)
  coo = torch.sparse_coo_tensor(pt, torch.ones(pt.shape[1], device=pt.device, dtype=torch.int),
Using GPU: True
Set 1 of 5: AVG_A1V1002.tif
Set 2 of 5: AVG_A1V1_0.5um001.tif
Set 3 of 5: AVG_A1V1_0.5um002.tif
Set 4 of 5: AVG_A1V1_0.5um000.tif
Set 5 of 5: AVG_A1V1_0.5um003.tif
Saved 403 cell rows to /media/ograciac/light-roast/ograciac/MorroCells/DatasetsParsho/RNA-scope/tutorial_results/final_data.csv
Saved 4030 radial rows to /media/ograciac/light-roast/ograciac/MorroCells/DatasetsParsho/RNA-scope/tutorial_results/trpv1_radial_distribution.csv
Saved 4030 radial rows to /media/ograciac/light-roast/ograciac/MorroCells/DatasetsParsho/RNA-scope/tutorial_results/trpa1_radial_distribution.csv
/media/ograciac/main/ograciac/conda_envs/parsho/lib/python3.12/site-packages/cellpose/dynamics.py:541: UserWarning: Sparse invariant checks are implicitly disabled. Memory errors (e.g. SEGFAULT) will occur when operating on a sparse tensor which violates the invariants, but checks incur performance overhead. To silence this warning, explicitly opt in or out. See `torch.sparse.check_sparse_tensor_invariants.__doc__` for guidance.  (Triggered internally at /__w/pytorch/pytorch/aten/src/ATen/Context.cpp:816.)
  coo = torch.sparse_coo_tensor(pt, torch.ones(pt.shape[1], device=pt.device, dtype=torch.int),
/media/ograciac/main/ograciac/conda_envs/parsho/lib/python3.12/site-packages/cellpose/dynamics.py:541: UserWarning: Sparse invariant checks are implicitly disabled. Memory errors (e.g. SEGFAULT) will occur when operating on a sparse tensor which violates the invariants, but checks incur performance overhead. To silence this warning, explicitly opt in or out. See `torch.sparse.check_sparse_tensor_invariants.__doc__` for guidance.  (Triggered internally at /__w/pytorch/pytorch/aten/src/ATen/Context.cpp:816.)
  coo = torch.sparse_coo_tensor(pt, torch.ones(pt.shape[1], device=pt.device, dtype=torch.int),
Using GPU: True
Found 578 images in 9 truncation folders
Folder 1 of 9: Fn3_truncation_1 (66 images)
  Image 1 of 66 (1 of 578 overall): 2025.05.27_A1_1.tif
    Retained 3 of 659 cells
  Image 2 of 66 (2 of 578 overall): 2025.05.27_A1_2.tif
    Retained 15 of 363 cells
  Image 3 of 66 (3 of 578 overall): 2025.05.27_A1_4.tif
    Retained 30 of 615 cells
  Image 4 of 66 (4 of 578 overall): 2025.05.27_A2_3.tif
    Retained 18 of 445 cells
  Image 5 of 66 (5 of 578 overall): 2025.05.27_A2_4.tif
    Retained 13 of 402 cells
  Image 6 of 66 (6 of 578 overall): 2025.05.27_A2_5.tif
    Retained 11 of 485 cells
  Image 7 of 66 (7 of 578 overall): 2025.05.27_A3_2.tif
    Retained 12 of 350 cells
  Image 8 of 66 (8 of 578 overall): 2025.05.27_A3_4.tif
    Retained 12 of 746 cells
  Image 9 of 66 (9 of 578 overall): 2025.05.27_A3_5.tif
    Retained 4 of 102 cells
  Image 10 of 66 (10 of 578 overall): 2025.05.27_A4_1.tif
    Retained 10 of 395 cells
  Image 11 of 66 (11 of 578 overall): 2025.05.27_A4_4.tif
    Retained 18 of 573 cells
  Image 12 of 66 (12 of 578 overall): 2025.05.27_A4_5.tif
    Retained 10 of 365 cells
  Image 13 of 66 (13 of 578 overall): 2025.05.27_A5_1.tif
    Retained 4 of 397 cells
  Image 14 of 66 (14 of 578 overall): 2025.05.27_A5_2.tif
    Retained 4 of 657 cells
  Image 15 of 66 (15 of 578 overall): 2025.05.27_A5_4.tif
    Retained 7 of 276 cells
  Image 16 of 66 (16 of 578 overall): 2025.05.27_A6_2.tif
    Retained 11 of 377 cells
  Image 17 of 66 (17 of 578 overall): 2025.05.27_A6_3.tif
    Retained 10 of 382 cells
  Image 18 of 66 (18 of 578 overall): 2025.05.27_A6_4.tif
    Retained 6 of 132 cells
  Image 19 of 66 (19 of 578 overall): 2025.05.27_B1_1.tif
    Retained 6 of 289 cells
  Image 20 of 66 (20 of 578 overall): 2025.05.27_B1_2.tif
    Retained 1 of 487 cells
  Image 21 of 66 (21 of 578 overall): 2025.05.27_B2_1.tif
    Retained 5 of 338 cells
  Image 22 of 66 (22 of 578 overall): 2025.05.27_B2_2.tif
    Retained 6 of 334 cells
  Image 23 of 66 (23 of 578 overall): 2025.05.27_B2_3.tif
    Retained 6 of 570 cells
  Image 24 of 66 (24 of 578 overall): 2025.05.27_B3_1.tif
    Retained 1 of 164 cells
  Image 25 of 66 (25 of 578 overall): 2025.05.27_B3_2.tif
    Retained 2 of 320 cells
  Image 26 of 66 (26 of 578 overall): 2025.05.27_B3_3.tif
    Retained 2 of 659 cells
  Image 27 of 66 (27 of 578 overall): 2025.05.27_B4_1.tif
    Retained 8 of 231 cells
  Image 28 of 66 (28 of 578 overall): 2025.05.27_B4_2.tif
    Retained 7 of 344 cells
  Image 29 of 66 (29 of 578 overall): 2025.05.27_B4_3.tif
    Retained 4 of 258 cells
  Image 30 of 66 (30 of 578 overall): 2025.05.27_B5_1.tif
    Retained 10 of 128 cells
  Image 31 of 66 (31 of 578 overall): 2025.05.27_B5_2.tif
    Retained 1 of 77 cells
  Image 32 of 66 (32 of 578 overall): 2025.05.27_B5_3.tif
    Retained 1 of 173 cells
  Image 33 of 66 (33 of 578 overall): 2025.05.27_B6_1.tif
    Retained 15 of 528 cells
  Image 34 of 66 (34 of 578 overall): 2025.05.27_B6_2.tif
    Retained 10 of 764 cells
  Image 35 of 66 (35 of 578 overall): 2025.05.27_B6_3.tif
    Retained 2 of 68 cells
  Image 36 of 66 (36 of 578 overall): 2025.05.27_C1_1.tif
    Retained 16 of 632 cells
  Image 37 of 66 (37 of 578 overall): 2025.05.27_C1_2.tif
    Retained 10 of 340 cells
  Image 38 of 66 (38 of 578 overall): 2025.05.27_C1_3.tif
    Retained 8 of 318 cells
  Image 39 of 66 (39 of 578 overall): 2025.05.27_C2_1.tif
    Retained 6 of 179 cells
  Image 40 of 66 (40 of 578 overall): 2025.05.27_C2_2.tif
    Retained 14 of 223 cells
  Image 41 of 66 (41 of 578 overall): 2025.05.27_C2_3.tif
    Retained 4 of 533 cells
  Image 42 of 66 (42 of 578 overall): 2025.05.27_C3_1.tif
    Retained 13 of 350 cells
  Image 43 of 66 (43 of 578 overall): 2025.05.27_C3_2.tif
    Retained 10 of 219 cells
  Image 44 of 66 (44 of 578 overall): 2025.05.27_C3_3.tif
    Retained 8 of 164 cells
  Image 45 of 66 (45 of 578 overall): 2025.05.27_C4_1.tif
    Retained 17 of 230 cells
  Image 46 of 66 (46 of 578 overall): 2025.05.27_C4_2.tif
    Retained 3 of 231 cells
  Image 47 of 66 (47 of 578 overall): 2025.05.27_C4_3.tif
    Retained 18 of 329 cells
  Image 48 of 66 (48 of 578 overall): 2025.05.27_C5_1.tif
    Retained 11 of 178 cells
  Image 49 of 66 (49 of 578 overall): 2025.05.27_C5_2.tif
    Retained 4 of 212 cells
  Image 50 of 66 (50 of 578 overall): 2025.05.27_C5_3.tif
    Retained 12 of 258 cells
  Image 51 of 66 (51 of 578 overall): 2025.05.27_C6_1.tif
    Retained 2 of 161 cells
  Image 52 of 66 (52 of 578 overall): 2025.05.27_C6_2.tif
    Retained 2 of 285 cells
  Image 53 of 66 (53 of 578 overall): 2025.05.27_C6_3.tif
    Retained 2 of 219 cells
  Image 54 of 66 (54 of 578 overall): 2025.05.27_D1_1.tif
    Retained 22 of 773 cells
  Image 55 of 66 (55 of 578 overall): 2025.05.27_D1_2.tif
    Retained 9 of 365 cells
  Image 56 of 66 (56 of 578 overall): 2025.05.27_D1_3.tif
    Retained 1 of 619 cells
  Image 57 of 66 (57 of 578 overall): 2025.05.27_D2_1.tif
    Retained 6 of 128 cells
  Image 58 of 66 (58 of 578 overall): 2025.05.27_D2_2.tif
    Retained 3 of 182 cells
  Image 59 of 66 (59 of 578 overall): 2025.05.27_D2_3.tif
    Retained 7 of 415 cells
  Image 60 of 66 (60 of 578 overall): 2025.05.27_D3_1.tif
    Retained 5 of 236 cells
  Image 61 of 66 (61 of 578 overall): 2025.05.27_D3_2.tif
    Retained 1 of 225 cells
  Image 62 of 66 (62 of 578 overall): 2025.05.27_D3_3.tif
    Retained 12 of 220 cells
  Image 63 of 66 (63 of 578 overall): 2025.05.27_D4_1.tif
    Retained 13 of 626 cells
  Image 64 of 66 (64 of 578 overall): 2025.05.27_D4_2.tif
    Retained 8 of 289 cells
  Image 65 of 66 (65 of 578 overall): 2025.05.27_D4_3.tif
    Retained 7 of 480 cells
  Image 66 of 66 (66 of 578 overall): 2025.05.27_D5.tif
    Retained 383 of 496 cells
Folder 2 of 9: Fn3_truncation_2 (67 images)
  Image 1 of 67 (67 of 578 overall): 2025.06.10_A1_1.tif
    Retained 10 of 622 cells
  Image 2 of 67 (68 of 578 overall): 2025.06.10_A1_2.tif
    Retained 20 of 455 cells
  Image 3 of 67 (69 of 578 overall): 2025.06.10_A1_3.tif
    Retained 6 of 913 cells
  Image 4 of 67 (70 of 578 overall): 2025.06.10_A2_1.tif
    Retained 3 of 449 cells
  Image 5 of 67 (71 of 578 overall): 2025.06.10_A2_2.tif
    Retained 22 of 542 cells
  Image 6 of 67 (72 of 578 overall): 2025.06.10_A2_3.tif
    Retained 23 of 888 cells
  Image 7 of 67 (73 of 578 overall): 2025.06.10_A3_1.tif
    Retained 21 of 427 cells
  Image 8 of 67 (74 of 578 overall): 2025.06.10_A3_2.tif
    Retained 29 of 314 cells
  Image 9 of 67 (75 of 578 overall): 2025.06.10_A3_3.tif
    Retained 52 of 1151 cells
  Image 10 of 67 (76 of 578 overall): 2025.06.10_A4_1.tif
    Retained 9 of 235 cells
  Image 11 of 67 (77 of 578 overall): 2025.06.10_A4_2.tif
    Retained 3 of 102 cells
  Image 12 of 67 (78 of 578 overall): 2025.06.10_A4_3.tif
    Retained 2 of 203 cells
  Image 13 of 67 (79 of 578 overall): 2025.06.10_A5_1.tif
    Retained 2 of 168 cells
  Image 14 of 67 (80 of 578 overall): 2025.06.10_A5_2.tif
    Retained 5 of 526 cells
  Image 15 of 67 (81 of 578 overall): 2025.06.10_A5_3.tif
    Retained 1 of 434 cells
  Image 16 of 67 (82 of 578 overall): 2025.06.10_A6_1.tif
    Retained 3 of 283 cells
  Image 17 of 67 (83 of 578 overall): 2025.06.10_A6_2.tif
    Retained 5 of 300 cells
  Image 18 of 67 (84 of 578 overall): 2025.06.10_A6_3.tif
    Retained 13 of 271 cells
  Image 19 of 67 (85 of 578 overall): 2025.06.10_B1_1.tif
    Retained 10 of 535 cells
  Image 20 of 67 (86 of 578 overall): 2025.06.10_B1_2.tif
    Retained 14 of 642 cells
  Image 21 of 67 (87 of 578 overall): 2025.06.10_B1_3.tif
    Retained 9 of 369 cells
  Image 22 of 67 (88 of 578 overall): 2025.06.10_B2_1.tif
    Retained 13 of 327 cells
  Image 23 of 67 (89 of 578 overall): 2025.06.10_B2_2.tif
    Retained 9 of 373 cells
  Image 24 of 67 (90 of 578 overall): 2025.06.10_B2_3.tif
    Retained 31 of 950 cells
  Image 25 of 67 (91 of 578 overall): 2025.06.10_B3_1.tif
    Retained 7 of 332 cells
  Image 26 of 67 (92 of 578 overall): 2025.06.10_B3_2.tif
    Retained 4 of 512 cells
  Image 27 of 67 (93 of 578 overall): 2025.06.10_B3_3.tif
    Retained 10 of 328 cells
  Image 28 of 67 (94 of 578 overall): 2025.06.10_B4_1.tif
    Retained 14 of 430 cells
  Image 29 of 67 (95 of 578 overall): 2025.06.10_B4_2.tif
    Retained 8 of 409 cells
  Image 30 of 67 (96 of 578 overall): 2025.06.10_B4_3.tif
    Retained 11 of 326 cells
  Image 31 of 67 (97 of 578 overall): 2025.06.10_B5_1.tif
    Retained 6 of 259 cells
  Image 32 of 67 (98 of 578 overall): 2025.06.10_B5_2.tif
    Retained 14 of 359 cells
  Image 33 of 67 (99 of 578 overall): 2025.06.10_B5_3.tif
    Retained 17 of 252 cells
  Image 34 of 67 (100 of 578 overall): 2025.06.10_B6_1.tif
    Retained 10 of 209 cells
  Image 35 of 67 (101 of 578 overall): 2025.06.10_B6_2.tif
    Retained 12 of 181 cells
  Image 36 of 67 (102 of 578 overall): 2025.06.10_B6_3.tif
    Retained 17 of 345 cells
  Image 37 of 67 (103 of 578 overall): 2025.06.10_C1_1.tif
    Retained 13 of 266 cells
  Image 38 of 67 (104 of 578 overall): 2025.06.10_C1_2.tif
    Retained 8 of 242 cells
  Image 39 of 67 (105 of 578 overall): 2025.06.10_C1_3.tif
    Retained 8 of 216 cells
  Image 40 of 67 (106 of 578 overall): 2025.06.10_C2_1.tif
    Retained 7 of 243 cells
  Image 41 of 67 (107 of 578 overall): 2025.06.10_C2_2.tif
    Retained 7 of 343 cells
  Image 42 of 67 (108 of 578 overall): 2025.06.10_C2_3.tif
    Retained 10 of 327 cells
  Image 43 of 67 (109 of 578 overall): 2025.06.10_C3_1.tif
    Retained 6 of 277 cells
  Image 44 of 67 (110 of 578 overall): 2025.06.10_C3_2.tif
    Retained 7 of 252 cells
  Image 45 of 67 (111 of 578 overall): 2025.06.10_C3_3.tif
    Retained 3 of 247 cells
  Image 46 of 67 (112 of 578 overall): 2025.06.10_C4_1.tif
    Retained 3 of 390 cells
  Image 47 of 67 (113 of 578 overall): 2025.06.10_C4_2.tif
    Retained 19 of 307 cells
  Image 48 of 67 (114 of 578 overall): 2025.06.10_C4_3.tif
    Retained 15 of 248 cells
  Image 49 of 67 (115 of 578 overall): 2025.06.10_C5_1.tif
    Retained 5 of 271 cells
  Image 50 of 67 (116 of 578 overall): 2025.06.10_C5_2.tif
    Retained 7 of 307 cells
  Image 51 of 67 (117 of 578 overall): 2025.06.10_C5_3.tif
    Retained 3 of 277 cells
  Image 52 of 67 (118 of 578 overall): 2025.06.10_C6_1.tif
    Retained 5 of 167 cells
  Image 53 of 67 (119 of 578 overall): 2025.06.10_C6_2.tif
    Retained 10 of 271 cells
  Image 54 of 67 (120 of 578 overall): 2025.06.10_C6_3.tif
    Retained 6 of 197 cells
  Image 55 of 67 (121 of 578 overall): 2025.06.10_D1_1.tif
    Retained 22 of 272 cells
  Image 56 of 67 (122 of 578 overall): 2025.06.10_D1_2.tif
    Retained 2 of 299 cells
  Image 57 of 67 (123 of 578 overall): 2025.06.10_D1_3.tif
    Retained 8 of 294 cells
  Image 58 of 67 (124 of 578 overall): 2025.06.10_D2_1.tif
    Retained 1 of 213 cells
  Image 59 of 67 (125 of 578 overall): 2025.06.10_D2_2.tif
    Retained 5 of 254 cells
  Image 60 of 67 (126 of 578 overall): 2025.06.10_D2_3.tif
    Retained 10 of 264 cells
  Image 61 of 67 (127 of 578 overall): 2025.06.10_D3_1.tif
    Retained 10 of 302 cells
  Image 62 of 67 (128 of 578 overall): 2025.06.10_D3_2.tif
    Retained 16 of 439 cells
  Image 63 of 67 (129 of 578 overall): 2025.06.10_D3_3.tif
    Retained 7 of 252 cells
  Image 64 of 67 (130 of 578 overall): 2025.06.10_D4_1.tif
    Retained 7 of 358 cells
  Image 65 of 67 (131 of 578 overall): 2025.06.10_D4_2.tif
    Retained 5 of 366 cells
  Image 66 of 67 (132 of 578 overall): 2025.06.10_D4_3.tif
    Retained 4 of 371 cells
  Image 67 of 67 (133 of 578 overall): 2025.06.10_D5.tif
    Retained 302 of 302 cells
Folder 3 of 9: Fn3_truncation_3 (67 images)
  Image 1 of 67 (134 of 578 overall): 2025.06.19_A1_1.tif
    Retained 8 of 623 cells
  Image 2 of 67 (135 of 578 overall): 2025.06.19_A1_2.tif
    Retained 22 of 586 cells
  Image 3 of 67 (136 of 578 overall): 2025.06.19_A1_3.tif
    Retained 43 of 803 cells
  Image 4 of 67 (137 of 578 overall): 2025.06.19_A2_1.tif
    Retained 12 of 455 cells
  Image 5 of 67 (138 of 578 overall): 2025.06.19_A2_2.tif
    Retained 30 of 356 cells
  Image 6 of 67 (139 of 578 overall): 2025.06.19_A2_3.tif
    Retained 21 of 506 cells
  Image 7 of 67 (140 of 578 overall): 2025.06.19_A3_1.tif
    Retained 59 of 985 cells
  Image 8 of 67 (141 of 578 overall): 2025.06.19_A3_2.tif
    Retained 69 of 951 cells
  Image 9 of 67 (142 of 578 overall): 2025.06.19_A3_3.tif
    Retained 10 of 342 cells
  Image 10 of 67 (143 of 578 overall): 2025.06.19_A4_1.tif
    Retained 6 of 517 cells
  Image 11 of 67 (144 of 578 overall): 2025.06.19_A4_2.tif
    Retained 23 of 478 cells
  Image 12 of 67 (145 of 578 overall): 2025.06.19_A4_3.tif
    Retained 15 of 458 cells
  Image 13 of 67 (146 of 578 overall): 2025.06.19_A5_1.tif
    Retained 13 of 401 cells
  Image 14 of 67 (147 of 578 overall): 2025.06.19_A5_2.tif
    Retained 26 of 552 cells
  Image 15 of 67 (148 of 578 overall): 2025.06.19_A5_3.tif
    Retained 27 of 454 cells
  Image 16 of 67 (149 of 578 overall): 2025.06.19_A6_1.tif
    Retained 7 of 521 cells
  Image 17 of 67 (150 of 578 overall): 2025.06.19_A6_2.tif
    Retained 24 of 619 cells
  Image 18 of 67 (151 of 578 overall): 2025.06.19_A6_3.tif
    Retained 32 of 721 cells
  Image 19 of 67 (152 of 578 overall): 2025.06.19_B1_1.tif
    Retained 11 of 339 cells
  Image 20 of 67 (153 of 578 overall): 2025.06.19_B1_2.tif
    Retained 13 of 423 cells
  Image 21 of 67 (154 of 578 overall): 2025.06.19_B1_3.tif
    Retained 14 of 590 cells
  Image 22 of 67 (155 of 578 overall): 2025.06.19_B2_1.tif
    Retained 5 of 523 cells
  Image 23 of 67 (156 of 578 overall): 2025.06.19_B2_2.tif
    Retained 84 of 795 cells
  Image 24 of 67 (157 of 578 overall): 2025.06.19_B2_3.tif
    Retained 29 of 454 cells
  Image 25 of 67 (158 of 578 overall): 2025.06.19_B3_1.tif
    Retained 4 of 535 cells
  Image 26 of 67 (159 of 578 overall): 2025.06.19_B3_2.tif
    Retained 2 of 580 cells
  Image 27 of 67 (160 of 578 overall): 2025.06.19_B3_3.tif
    Retained 7 of 874 cells
  Image 28 of 67 (161 of 578 overall): 2025.06.19_B4_1.tif
    Retained 7 of 467 cells
  Image 29 of 67 (162 of 578 overall): 2025.06.19_B4_2.tif
    Retained 31 of 418 cells
  Image 30 of 67 (163 of 578 overall): 2025.06.19_B4_3.tif
    Retained 16 of 418 cells
  Image 31 of 67 (164 of 578 overall): 2025.06.19_B5_1.tif
    Retained 3 of 953 cells
  Image 32 of 67 (165 of 578 overall): 2025.06.19_B5_2.tif
    Retained 11 of 402 cells
  Image 33 of 67 (166 of 578 overall): 2025.06.19_B5_3.tif
    Retained 21 of 461 cells
  Image 34 of 67 (167 of 578 overall): 2025.06.19_B6_1.tif
    Retained 22 of 437 cells
  Image 35 of 67 (168 of 578 overall): 2025.06.19_B6_2.tif
    Retained 28 of 382 cells
  Image 36 of 67 (169 of 578 overall): 2025.06.19_B6_3.tif
    Retained 27 of 348 cells
  Image 37 of 67 (170 of 578 overall): 2025.06.19_C1_1.tif
    Retained 31 of 577 cells
  Image 38 of 67 (171 of 578 overall): 2025.06.19_C1_2.tif
    Retained 13 of 586 cells
  Image 39 of 67 (172 of 578 overall): 2025.06.19_C1_3.tif
    Retained 17 of 636 cells
  Image 40 of 67 (173 of 578 overall): 2025.06.19_C2_1.tif
    Retained 11 of 523 cells
  Image 41 of 67 (174 of 578 overall): 2025.06.19_C2_2.tif
    Retained 6 of 551 cells
  Image 42 of 67 (175 of 578 overall): 2025.06.19_C2_3.tif
    Retained 6 of 555 cells
  Image 43 of 67 (176 of 578 overall): 2025.06.19_C3_1.tif
    Retained 25 of 671 cells
  Image 44 of 67 (177 of 578 overall): 2025.06.19_C3_2.tif
    Retained 29 of 620 cells
  Image 45 of 67 (178 of 578 overall): 2025.06.19_C3_3.tif
    Retained 24 of 537 cells
  Image 46 of 67 (179 of 578 overall): 2025.06.19_C4_1.tif
    Retained 20 of 535 cells
  Image 47 of 67 (180 of 578 overall): 2025.06.19_C4_2.tif
    Retained 24 of 448 cells
  Image 48 of 67 (181 of 578 overall): 2025.06.19_C4_3.tif
    Retained 19 of 463 cells
  Image 49 of 67 (182 of 578 overall): 2025.06.19_C5_1.tif
    Retained 1 of 605 cells
  Image 50 of 67 (183 of 578 overall): 2025.06.19_C5_2.tif
    Retained 17 of 617 cells
  Image 51 of 67 (184 of 578 overall): 2025.06.19_C5_3.tif
    Retained 10 of 481 cells
  Image 52 of 67 (185 of 578 overall): 2025.06.19_C6_1.tif
    Retained 27 of 586 cells
  Image 53 of 67 (186 of 578 overall): 2025.06.19_C6_2.tif
    Retained 38 of 755 cells
  Image 54 of 67 (187 of 578 overall): 2025.06.19_C6_3.tif
    Retained 16 of 375 cells
  Image 55 of 67 (188 of 578 overall): 2025.06.19_D1_1.tif
    Retained 20 of 529 cells
  Image 56 of 67 (189 of 578 overall): 2025.06.19_D1_2.tif
    Retained 21 of 391 cells
  Image 57 of 67 (190 of 578 overall): 2025.06.19_D1_3.tif
    Retained 6 of 201 cells
  Image 58 of 67 (191 of 578 overall): 2025.06.19_D2_1.tif
    Retained 20 of 613 cells
  Image 59 of 67 (192 of 578 overall): 2025.06.19_D2_2.tif
    Retained 22 of 1196 cells
  Image 60 of 67 (193 of 578 overall): 2025.06.19_D2_3.tif
    Retained 16 of 679 cells
  Image 61 of 67 (194 of 578 overall): 2025.06.19_D3_1.tif
    Retained 20 of 440 cells
  Image 62 of 67 (195 of 578 overall): 2025.06.19_D3_2.tif
    Retained 15 of 503 cells
  Image 63 of 67 (196 of 578 overall): 2025.06.19_D3_3.tif
    Retained 26 of 532 cells
  Image 64 of 67 (197 of 578 overall): 2025.06.19_D4_1.tif
    Retained 9 of 393 cells
  Image 65 of 67 (198 of 578 overall): 2025.06.19_D4_2.tif
    Retained 22 of 446 cells
  Image 66 of 67 (199 of 578 overall): 2025.06.19_D4_3.tif
    Retained 7 of 621 cells
  Image 67 of 67 (200 of 578 overall): 2025.06.19_D5.tif
    Retained 4 of 420 cells
Folder 4 of 9: Fn3_truncation_4 (66 images)
  Image 1 of 66 (201 of 578 overall): 2016.01.16_A1_1.tif
    Retained 18 of 197 cells
  Image 2 of 66 (202 of 578 overall): 2016.01.16_A1_2.tif
    Retained 27 of 478 cells
  Image 3 of 66 (203 of 578 overall): 2016.01.16_A1_3.tif
    Retained 23 of 170 cells
  Image 4 of 66 (204 of 578 overall): 2016.01.16_A2_1.tif
    Retained 22 of 178 cells
  Image 5 of 66 (205 of 578 overall): 2016.01.16_A2_2.tif
    Retained 48 of 189 cells
  Image 6 of 66 (206 of 578 overall): 2016.01.16_A2_3.tif
    Retained 27 of 211 cells
  Image 7 of 66 (207 of 578 overall): 2016.01.16_A3_1.tif
    Retained 30 of 358 cells
  Image 8 of 66 (208 of 578 overall): 2016.01.16_A3_2.tif
    Retained 20 of 376 cells
  Image 9 of 66 (209 of 578 overall): 2016.01.16_A4_1.tif
    Retained 34 of 136 cells
  Image 10 of 66 (210 of 578 overall): 2016.01.16_A4_2.tif
    Retained 29 of 165 cells
  Image 11 of 66 (211 of 578 overall): 2016.01.16_A4_3.tif
    Retained 33 of 215 cells
  Image 12 of 66 (212 of 578 overall): 2016.01.16_A5_1.tif
    Retained 2 of 156 cells
  Image 13 of 66 (213 of 578 overall): 2016.01.16_A5_2.tif
    Retained 5 of 265 cells
  Image 14 of 66 (214 of 578 overall): 2016.01.16_A5_3.tif
    Retained 4 of 267 cells
  Image 15 of 66 (215 of 578 overall): 2016.01.16_A6_1.tif
    Retained 21 of 209 cells
  Image 16 of 66 (216 of 578 overall): 2016.01.16_A6_2.tif
    Retained 16 of 179 cells
  Image 17 of 66 (217 of 578 overall): 2016.01.16_A6_3.tif
    Retained 20 of 383 cells
  Image 18 of 66 (218 of 578 overall): 2016.01.16_B1_1.tif
    Retained 11 of 156 cells
  Image 19 of 66 (219 of 578 overall): 2016.01.16_B1_2.tif
    Retained 50 of 338 cells
  Image 20 of 66 (220 of 578 overall): 2016.01.16_B1_3.tif
    Retained 43 of 332 cells
  Image 21 of 66 (221 of 578 overall): 2016.01.16_B2_1.tif
    Retained 35 of 194 cells
  Image 22 of 66 (222 of 578 overall): 2016.01.16_B2_2.tif
    Retained 53 of 395 cells
  Image 23 of 66 (223 of 578 overall): 2016.01.16_B2_3.tif
    Retained 76 of 370 cells
  Image 24 of 66 (224 of 578 overall): 2016.01.16_B3_1.tif
    Retained 34 of 259 cells
  Image 25 of 66 (225 of 578 overall): 2016.01.16_B3_2.tif
    Retained 16 of 149 cells
  Image 26 of 66 (226 of 578 overall): 2016.01.16_B3_3.tif
    Retained 15 of 177 cells
  Image 27 of 66 (227 of 578 overall): 2016.01.16_B4_1.tif
    Retained 7 of 363 cells
  Image 28 of 66 (228 of 578 overall): 2016.01.16_B4_2.tif
    Retained 6 of 399 cells
  Image 29 of 66 (229 of 578 overall): 2016.01.16_B4_3.tif
    Retained 15 of 293 cells
  Image 30 of 66 (230 of 578 overall): 2016.01.16_B5_1.tif
    Retained 17 of 84 cells
  Image 31 of 66 (231 of 578 overall): 2016.01.16_B5_2.tif
    Retained 8 of 111 cells
  Image 32 of 66 (232 of 578 overall): 2016.01.16_B5_3.tif
    Retained 15 of 106 cells
  Image 33 of 66 (233 of 578 overall): 2016.01.16_B6_1.tif
    Retained 27 of 122 cells
  Image 34 of 66 (234 of 578 overall): 2016.01.16_B6_2.tif
    Retained 40 of 182 cells
  Image 35 of 66 (235 of 578 overall): 2016.01.16_B6_3.tif
    Retained 33 of 96 cells
  Image 36 of 66 (236 of 578 overall): 2016.01.16_C1_1.tif
    Retained 38 of 295 cells
  Image 37 of 66 (237 of 578 overall): 2016.01.16_C1_2.tif
    Retained 24 of 169 cells
  Image 38 of 66 (238 of 578 overall): 2016.01.16_C1_3.tif
    Retained 18 of 307 cells
  Image 39 of 66 (239 of 578 overall): 2016.01.16_C2_1.tif
    Retained 6 of 244 cells
  Image 40 of 66 (240 of 578 overall): 2016.01.16_C2_2.tif
    Retained 4 of 248 cells
  Image 41 of 66 (241 of 578 overall): 2016.01.16_C2_3.tif
    Retained 5 of 235 cells
  Image 42 of 66 (242 of 578 overall): 2016.01.16_C3_1.tif
    Retained 19 of 163 cells
  Image 43 of 66 (243 of 578 overall): 2016.01.16_C3_2.tif
    Retained 40 of 196 cells
  Image 44 of 66 (244 of 578 overall): 2016.01.16_C3_3.tif
    Retained 9 of 338 cells
  Image 45 of 66 (245 of 578 overall): 2016.01.16_C4_1.tif
    Retained 23 of 144 cells
  Image 46 of 66 (246 of 578 overall): 2016.01.16_C4_2.tif
    Retained 34 of 153 cells
  Image 47 of 66 (247 of 578 overall): 2016.01.16_C4_3.tif
    Retained 16 of 155 cells
  Image 48 of 66 (248 of 578 overall): 2016.01.16_C5_1.tif
    Retained 10 of 385 cells
  Image 49 of 66 (249 of 578 overall): 2016.01.16_C5_2.tif
    Retained 9 of 459 cells
  Image 50 of 66 (250 of 578 overall): 2016.01.16_C5_3.tif
    Retained 1 of 282 cells
  Image 51 of 66 (251 of 578 overall): 2016.01.16_C6_1.tif
    Retained 18 of 124 cells
  Image 52 of 66 (252 of 578 overall): 2016.01.16_C6_2.tif
    Retained 19 of 97 cells
  Image 53 of 66 (253 of 578 overall): 2016.01.16_C6_3.tif
    Retained 3 of 127 cells
  Image 54 of 66 (254 of 578 overall): 2016.01.16_D1_1.tif
    Retained 16 of 155 cells
  Image 55 of 66 (255 of 578 overall): 2016.01.16_D1_2.tif
    Retained 17 of 84 cells
  Image 56 of 66 (256 of 578 overall): 2016.01.16_D1_3.tif
    Retained 12 of 277 cells
  Image 57 of 66 (257 of 578 overall): 2016.01.16_D2_1.tif
    Retained 7 of 153 cells
  Image 58 of 66 (258 of 578 overall): 2016.01.16_D2_2.tif
    Retained 6 of 147 cells
  Image 59 of 66 (259 of 578 overall): 2016.01.16_D2_3.tif
    Retained 7 of 171 cells
  Image 60 of 66 (260 of 578 overall): 2016.01.16_D3_1.tif
    Retained 30 of 203 cells
  Image 61 of 66 (261 of 578 overall): 2016.01.16_D3_2.tif
    Retained 25 of 161 cells
  Image 62 of 66 (262 of 578 overall): 2016.01.16_D3_3.tif
    Retained 24 of 124 cells
  Image 63 of 66 (263 of 578 overall): 2016.01.16_D4_1.tif
    Retained 38 of 459 cells
  Image 64 of 66 (264 of 578 overall): 2016.01.16_D4_2.tif
    Retained 31 of 366 cells
  Image 65 of 66 (265 of 578 overall): 2016.01.16_D4_3.tif
    Retained 29 of 385 cells
  Image 66 of 66 (266 of 578 overall): 2016.01.16_D5.tif
    Retained 265 of 339 cells
Folder 5 of 9: Fn3_truncation_5 (68 images)
  Image 1 of 68 (267 of 578 overall): 2026.05.11_A1_1.tif
    Retained 10 of 288 cells
  Image 2 of 68 (268 of 578 overall): 2026.05.11_A1_2.tif
    Retained 10 of 441 cells
  Image 3 of 68 (269 of 578 overall): 2026.05.11_A1_3.tif
    Retained 13 of 311 cells
  Image 4 of 68 (270 of 578 overall): 2026.05.11_A2_1.tif
    Retained 15 of 243 cells
  Image 5 of 68 (271 of 578 overall): 2026.05.11_A2_2.tif
    Retained 14 of 591 cells
  Image 6 of 68 (272 of 578 overall): 2026.05.11_A2_3.tif
    Retained 1 of 365 cells
  Image 7 of 68 (273 of 578 overall): 2026.05.11_A3_1.tif
    Retained 7 of 533 cells
  Image 8 of 68 (274 of 578 overall): 2026.05.11_A3_2.tif
    Retained 8 of 425 cells
  Image 9 of 68 (275 of 578 overall): 2026.05.11_A3_3.tif
    Retained 6 of 437 cells
  Image 10 of 68 (276 of 578 overall): 2026.05.11_A4_1.tif
    Retained 5 of 644 cells
  Image 11 of 68 (277 of 578 overall): 2026.05.11_A4_2.tif
    Retained 4 of 645 cells
  Image 12 of 68 (278 of 578 overall): 2026.05.11_A4_3.tif
    Retained 4 of 584 cells
  Image 13 of 68 (279 of 578 overall): 2026.05.11_A5_1.tif
    Retained 4 of 414 cells
  Image 14 of 68 (280 of 578 overall): 2026.05.11_A5_2.tif
    Retained 3 of 429 cells
  Image 15 of 68 (281 of 578 overall): 2026.05.11_A5_3.tif
    Retained 3 of 604 cells
  Image 16 of 68 (282 of 578 overall): 2026.05.11_A6_1.tif
    Retained 6 of 441 cells
  Image 17 of 68 (283 of 578 overall): 2026.05.11_A6_2.tif
    Retained 7 of 420 cells
  Image 18 of 68 (284 of 578 overall): 2026.05.11_A6_3.tif
    Retained 7 of 355 cells
  Image 19 of 68 (285 of 578 overall): 2026.05.11_B1_1.tif
    Retained 18 of 550 cells
  Image 20 of 68 (286 of 578 overall): 2026.05.11_B1_2.tif
    Retained 8 of 537 cells
  Image 21 of 68 (287 of 578 overall): 2026.05.11_B1_3.tif
    Retained 15 of 209 cells
  Image 22 of 68 (288 of 578 overall): 2026.05.11_B2_1.tif
    Retained 7 of 504 cells
  Image 23 of 68 (289 of 578 overall): 2026.05.11_B2_2.tif
    Retained 13 of 518 cells
  Image 24 of 68 (290 of 578 overall): 2026.05.11_B2_3.tif
    Retained 9 of 576 cells
  Image 25 of 68 (291 of 578 overall): 2026.05.11_B3_1.tif
    Retained 7 of 463 cells
  Image 26 of 68 (292 of 578 overall): 2026.05.11_B3_2.tif
    Retained 7 of 438 cells
  Image 27 of 68 (293 of 578 overall): 2026.05.11_B3_3.tif
    Retained 12 of 375 cells
  Image 28 of 68 (294 of 578 overall): 2026.05.11_B3_4.tif
    Retained 3 of 584 cells
  Image 29 of 68 (295 of 578 overall): 2026.05.11_B4_1.tif
    Retained 5 of 325 cells
  Image 30 of 68 (296 of 578 overall): 2026.05.11_B4_2.tif
    Retained 8 of 507 cells
  Image 31 of 68 (297 of 578 overall): 2026.05.11_B4_3.tif
    Retained 8 of 354 cells
  Image 32 of 68 (298 of 578 overall): 2026.05.11_B5_1.tif
    Retained 6 of 387 cells
  Image 33 of 68 (299 of 578 overall): 2026.05.11_B5_2.tif
    Retained 10 of 292 cells
  Image 34 of 68 (300 of 578 overall): 2026.05.11_B5_3.tif
    Retained 1 of 427 cells
  Image 35 of 68 (301 of 578 overall): 2026.05.11_B6_1.tif
    Retained 2 of 235 cells
  Image 36 of 68 (302 of 578 overall): 2026.05.11_B6_2.tif
    Retained 17 of 415 cells
  Image 37 of 68 (303 of 578 overall): 2026.05.11_B6_3.tif
    Retained 10 of 299 cells
  Image 38 of 68 (304 of 578 overall): 2026.05.11_C1_1.tif
    Retained 1 of 362 cells
  Image 39 of 68 (305 of 578 overall): 2026.05.11_C1_2.tif
    Retained 13 of 223 cells
  Image 40 of 68 (306 of 578 overall): 2026.05.11_C1_3.tif
    Retained 3 of 346 cells
  Image 41 of 68 (307 of 578 overall): 2026.05.11_C2_1.tif
    Retained 1 of 230 cells
  Image 42 of 68 (308 of 578 overall): 2026.05.11_C2_2.tif
    Retained 8 of 437 cells
  Image 43 of 68 (309 of 578 overall): 2026.05.11_C2_3.tif
    Retained 4 of 419 cells
  Image 44 of 68 (310 of 578 overall): 2026.05.11_C3_1.tif
    Retained 13 of 474 cells
  Image 45 of 68 (311 of 578 overall): 2026.05.11_C3_2.tif
    Retained 14 of 285 cells
  Image 46 of 68 (312 of 578 overall): 2026.05.11_C3_3.tif
    Retained 6 of 432 cells
  Image 47 of 68 (313 of 578 overall): 2026.05.11_C4_1.tif
    Retained 12 of 668 cells
  Image 48 of 68 (314 of 578 overall): 2026.05.11_C4_2.tif
    Retained 20 of 463 cells
  Image 49 of 68 (315 of 578 overall): 2026.05.11_C4_3.tif
    Retained 13 of 362 cells
  Image 50 of 68 (316 of 578 overall): 2026.05.11_C5_1.tif
    Retained 10 of 391 cells
  Image 51 of 68 (317 of 578 overall): 2026.05.11_C5_2.tif
    Retained 6 of 289 cells
  Image 52 of 68 (318 of 578 overall): 2026.05.11_C5_3.tif
    Retained 6 of 269 cells
  Image 53 of 68 (319 of 578 overall): 2026.05.11_C6_1.tif
    Retained 12 of 260 cells
  Image 54 of 68 (320 of 578 overall): 2026.05.11_C6_2.tif
    Retained 3 of 232 cells
  Image 55 of 68 (321 of 578 overall): 2026.05.11_C6_3.tif
    Retained 9 of 224 cells
  Image 56 of 68 (322 of 578 overall): 2026.05.11_D1_1.tif
    Retained 14 of 317 cells
  Image 57 of 68 (323 of 578 overall): 2026.05.11_D1_2.tif
    Retained 10 of 515 cells
  Image 58 of 68 (324 of 578 overall): 2026.05.11_D1_3.tif
    Retained 15 of 482 cells
  Image 59 of 68 (325 of 578 overall): 2026.05.11_D2_1.tif
    Retained 4 of 291 cells
  Image 60 of 68 (326 of 578 overall): 2026.05.11_D2_2.tif
    Retained 4 of 586 cells
  Image 61 of 68 (327 of 578 overall): 2026.05.11_D2_3.tif
    Retained 3 of 455 cells
  Image 62 of 68 (328 of 578 overall): 2026.05.11_D3_1.tif
    Retained 14 of 311 cells
  Image 63 of 68 (329 of 578 overall): 2026.05.11_D3_2.tif
    Retained 9 of 369 cells
  Image 64 of 68 (330 of 578 overall): 2026.05.11_D3_3.tif
    Retained 8 of 476 cells
  Image 65 of 68 (331 of 578 overall): 2026.05.11_D4_1.tif
    Retained 7 of 326 cells
  Image 66 of 68 (332 of 578 overall): 2026.05.11_D4_2.tif
    Retained 8 of 426 cells
  Image 67 of 68 (333 of 578 overall): 2026.05.11_D4_3.tif
    Retained 15 of 677 cells
  Image 68 of 68 (334 of 578 overall): 2026.05.11_D5.tif
    Retained 356 of 424 cells
Folder 6 of 9: Ig_truncation_1 (61 images)
  Image 1 of 61 (335 of 578 overall): 2025.06.20_A1_1.tif
    Retained 7 of 325 cells
  Image 2 of 61 (336 of 578 overall): 2025.06.20_A1_2.tif
    Retained 9 of 812 cells
  Image 3 of 61 (337 of 578 overall): 2025.06.20_A1_3.tif
    Retained 9 of 681 cells
  Image 4 of 61 (338 of 578 overall): 2025.06.20_A2_1.tif
    Retained 11 of 270 cells
  Image 5 of 61 (339 of 578 overall): 2025.06.20_A2_2.tif
    Retained 1 of 471 cells
  Image 6 of 61 (340 of 578 overall): 2025.06.20_A2_3.tif
    Retained 2 of 629 cells
  Image 7 of 61 (341 of 578 overall): 2025.06.20_A3_1.tif
    Retained 3 of 270 cells
  Image 8 of 61 (342 of 578 overall): 2025.06.20_A3_2.tif
    Retained 15 of 230 cells
  Image 9 of 61 (343 of 578 overall): 2025.06.20_A3_3.tif
    Retained 28 of 616 cells
  Image 10 of 61 (344 of 578 overall): 2025.06.20_A4_1.tif
    Retained 1 of 299 cells
  Image 11 of 61 (345 of 578 overall): 2025.06.20_A4_2.tif
    Retained 1 of 567 cells
  Image 12 of 61 (346 of 578 overall): 2025.06.20_A4_3.tif
    Retained 1 of 277 cells
  Image 13 of 61 (347 of 578 overall): 2025.06.20_A5_1.tif
    Retained 6 of 176 cells
  Image 14 of 61 (348 of 578 overall): 2025.06.20_A5_2.tif
    Retained 4 of 364 cells
  Image 15 of 61 (349 of 578 overall): 2025.06.20_A5_3.tif
    Retained 4 of 407 cells
  Image 16 of 61 (350 of 578 overall): 2025.06.20_A6_1.tif
    Retained 1 of 250 cells
  Image 17 of 61 (351 of 578 overall): 2025.06.20_A6_2.tif
    Retained 4 of 236 cells
  Image 18 of 61 (352 of 578 overall): 2025.06.20_A6_3.tif
    Retained 6 of 833 cells
  Image 19 of 61 (353 of 578 overall): 2025.06.20_B1_1.tif
    Retained 21 of 278 cells
  Image 20 of 61 (354 of 578 overall): 2025.06.20_B1_2.tif
    Retained 18 of 423 cells
  Image 21 of 61 (355 of 578 overall): 2025.06.20_B1_3.tif
    Retained 6 of 405 cells
  Image 22 of 61 (356 of 578 overall): 2025.06.20_B2_1.tif
    Retained 10 of 428 cells
  Image 23 of 61 (357 of 578 overall): 2025.06.20_B2_2.tif
    Retained 4 of 204 cells
  Image 24 of 61 (358 of 578 overall): 2025.06.20_B2_3.tif
    Retained 10 of 415 cells
  Image 25 of 61 (359 of 578 overall): 2025.06.20_B3_1.tif
    Retained 19 of 310 cells
  Image 26 of 61 (360 of 578 overall): 2025.06.20_B3_2.tif
    Retained 18 of 389 cells
  Image 27 of 61 (361 of 578 overall): 2025.06.20_B3_3.tif
    Retained 15 of 473 cells
  Image 28 of 61 (362 of 578 overall): 2025.06.20_B4_1.tif
    Retained 1 of 365 cells
  Image 29 of 61 (363 of 578 overall): 2025.06.20_B4_2.tif
    Retained 1 of 253 cells
  Image 30 of 61 (364 of 578 overall): 2025.06.20_B4_3.tif
    Retained 4 of 309 cells
  Image 31 of 61 (365 of 578 overall): 2025.06.20_B5_1.tif
    Retained 1 of 267 cells
  Image 32 of 61 (366 of 578 overall): 2025.06.20_B5_2.tif
    Retained 6 of 368 cells
  Image 33 of 61 (367 of 578 overall): 2025.06.20_B5_3.tif
    Retained 7 of 294 cells
  Image 34 of 61 (368 of 578 overall): 2025.06.20_B6_1.tif
    Retained 17 of 296 cells
  Image 35 of 61 (369 of 578 overall): 2025.06.20_B6_2.tif
    Retained 20 of 183 cells
  Image 36 of 61 (370 of 578 overall): 2025.06.20_B6_3.tif
    Retained 6 of 212 cells
  Image 37 of 61 (371 of 578 overall): 2025.06.20_C1_1.tif
    Retained 7 of 196 cells
  Image 38 of 61 (372 of 578 overall): 2025.06.20_C1_2.tif
    Retained 2 of 282 cells
  Image 39 of 61 (373 of 578 overall): 2025.06.20_C1_3.tif
    Retained 3 of 631 cells
  Image 40 of 61 (374 of 578 overall): 2025.06.20_C2_1.tif
    Retained 24 of 232 cells
  Image 41 of 61 (375 of 578 overall): 2025.06.20_C2_2.tif
    Retained 11 of 576 cells
  Image 42 of 61 (376 of 578 overall): 2025.06.20_C2_3.tif
    Retained 2 of 177 cells
  Image 43 of 61 (377 of 578 overall): 2025.06.20_C3_1.tif
    Retained 2 of 363 cells
  Image 44 of 61 (378 of 578 overall): 2025.06.20_C3_2.tif
    Retained 4 of 318 cells
  Image 45 of 61 (379 of 578 overall): 2025.06.20_C3_3.tif
    Retained 9 of 356 cells
  Image 46 of 61 (380 of 578 overall): 2025.06.20_C4_1.tif
    Retained 10 of 535 cells
  Image 47 of 61 (381 of 578 overall): 2025.06.20_C4_2.tif
    Retained 11 of 313 cells
  Image 48 of 61 (382 of 578 overall): 2025.06.20_C4_3.tif
    Retained 25 of 396 cells
  Image 49 of 61 (383 of 578 overall): 2025.06.20_C5_1.tif
    Retained 10 of 421 cells
  Image 50 of 61 (384 of 578 overall): 2025.06.20_C5_2.tif
    Retained 10 of 521 cells
  Image 51 of 61 (385 of 578 overall): 2025.06.20_C5_3.tif
    Retained 6 of 177 cells
  Image 52 of 61 (386 of 578 overall): 2025.06.20_C6_1.tif
    Retained 11 of 722 cells
  Image 53 of 61 (387 of 578 overall): 2025.06.20_C6_2.tif
    Retained 15 of 470 cells
  Image 54 of 61 (388 of 578 overall): 2025.06.20_C6_3.tif
    Retained 2 of 257 cells
  Image 55 of 61 (389 of 578 overall): 2025.06.20_D1_1.tif
    Retained 10 of 319 cells
  Image 56 of 61 (390 of 578 overall): 2025.06.20_D1_2.tif
    Retained 9 of 283 cells
  Image 57 of 61 (391 of 578 overall): 2025.06.20_D1_3.tif
    Retained 6 of 567 cells
  Image 58 of 61 (392 of 578 overall): 2025.06.20_D2_1.tif
    Retained 24 of 573 cells
  Image 59 of 61 (393 of 578 overall): 2025.06.20_D2_2.tif
    Retained 2 of 215 cells
  Image 60 of 61 (394 of 578 overall): 2025.06.20_D2_3.tif
    Retained 2 of 513 cells
  Image 61 of 61 (395 of 578 overall): 2025.06.20_D3.tif
    Retained 98 of 171 cells
Folder 7 of 9: Ig_truncation_2 (61 images)
  Image 1 of 61 (396 of 578 overall): 2025.06.13_A1_1.tif
    Retained 8 of 205 cells
  Image 2 of 61 (397 of 578 overall): 2025.06.13_A1_2.tif
    Retained 19 of 193 cells
  Image 3 of 61 (398 of 578 overall): 2025.06.13_A1_3.tif
    Retained 28 of 591 cells
  Image 4 of 61 (399 of 578 overall): 2025.06.13_A2_1.tif
    Retained 50 of 493 cells
  Image 5 of 61 (400 of 578 overall): 2025.06.13_A2_2.tif
    Retained 42 of 567 cells
  Image 6 of 61 (401 of 578 overall): 2025.06.13_A2_3.tif
    Retained 31 of 414 cells
  Image 7 of 61 (402 of 578 overall): 2025.06.13_A3_1.tif
    Retained 17 of 211 cells
  Image 8 of 61 (403 of 578 overall): 2025.06.13_A3_2.tif
    Retained 3 of 171 cells
  Image 9 of 61 (404 of 578 overall): 2025.06.13_A3_3.tif
    Retained 11 of 193 cells
  Image 10 of 61 (405 of 578 overall): 2025.06.13_A4_1.tif
    Retained 12 of 102 cells
  Image 11 of 61 (406 of 578 overall): 2025.06.13_A4_2.tif
    Retained 13 of 359 cells
  Image 12 of 61 (407 of 578 overall): 2025.06.13_A4_3.tif
    Retained 38 of 537 cells
  Image 13 of 61 (408 of 578 overall): 2025.06.13_A5_1.tif
    Retained 35 of 594 cells
  Image 14 of 61 (409 of 578 overall): 2025.06.13_A5_2.tif
    Retained 48 of 689 cells
  Image 15 of 61 (410 of 578 overall): 2025.06.13_A5_3.tif
    Retained 27 of 664 cells
  Image 16 of 61 (411 of 578 overall): 2025.06.13_A6_1.tif
    Retained 50 of 567 cells
  Image 17 of 61 (412 of 578 overall): 2025.06.13_A6_2.tif
    Retained 20 of 870 cells
  Image 18 of 61 (413 of 578 overall): 2025.06.13_A6_3.tif
    Retained 20 of 690 cells
  Image 19 of 61 (414 of 578 overall): 2025.06.13_B1_1.tif
    Retained 8 of 307 cells
  Image 20 of 61 (415 of 578 overall): 2025.06.13_B1_2.tif
    Retained 24 of 462 cells
  Image 21 of 61 (416 of 578 overall): 2025.06.13_B1_3.tif
    Retained 17 of 253 cells
  Image 22 of 61 (417 of 578 overall): 2025.06.13_B2_1.tif
    Retained 13 of 203 cells
  Image 23 of 61 (418 of 578 overall): 2025.06.13_B2_2.tif
    Retained 42 of 432 cells
  Image 24 of 61 (419 of 578 overall): 2025.06.13_B2_3.tif
    Retained 19 of 443 cells
  Image 25 of 61 (420 of 578 overall): 2025.06.13_B3_1.tif
    Retained 11 of 231 cells
  Image 26 of 61 (421 of 578 overall): 2025.06.13_B3_2.tif
    Retained 5 of 268 cells
  Image 27 of 61 (422 of 578 overall): 2025.06.13_B3_3.tif
    Retained 44 of 330 cells
  Image 28 of 61 (423 of 578 overall): 2025.06.13_B4_1.tif
    Retained 18 of 195 cells
  Image 29 of 61 (424 of 578 overall): 2025.06.13_B4_2.tif
    Retained 14 of 244 cells
  Image 30 of 61 (425 of 578 overall): 2025.06.13_B4_3.tif
    Retained 6 of 232 cells
  Image 31 of 61 (426 of 578 overall): 2025.06.13_B5_1.tif
    Retained 44 of 387 cells
  Image 32 of 61 (427 of 578 overall): 2025.06.13_B5_2.tif
    Retained 16 of 352 cells
  Image 33 of 61 (428 of 578 overall): 2025.06.13_B5_3.tif
    Retained 8 of 229 cells
  Image 34 of 61 (429 of 578 overall): 2025.06.13_B6_1.tif
    Retained 33 of 341 cells
  Image 35 of 61 (430 of 578 overall): 2025.06.13_B6_2.tif
    Retained 56 of 414 cells
  Image 36 of 61 (431 of 578 overall): 2025.06.13_B6_3.tif
    Retained 41 of 547 cells
  Image 37 of 61 (432 of 578 overall): 2025.06.13_C1_1.tif
    Retained 15 of 508 cells
  Image 38 of 61 (433 of 578 overall): 2025.06.13_C1_2.tif
    Retained 13 of 551 cells
  Image 39 of 61 (434 of 578 overall): 2025.06.13_C1_3.tif
    Retained 5 of 284 cells
  Image 40 of 61 (435 of 578 overall): 2025.06.13_C2_1.tif
    Retained 6 of 426 cells
  Image 41 of 61 (436 of 578 overall): 2025.06.13_C2_2.tif
    Retained 3 of 271 cells
  Image 42 of 61 (437 of 578 overall): 2025.06.13_C2_3.tif
    Retained 5 of 332 cells
  Image 43 of 61 (438 of 578 overall): 2025.06.13_C3_1.tif
    Retained 19 of 366 cells
  Image 44 of 61 (439 of 578 overall): 2025.06.13_C3_2.tif
    Retained 17 of 546 cells
  Image 45 of 61 (440 of 578 overall): 2025.06.13_C3_3.tif
    Retained 7 of 520 cells
  Image 46 of 61 (441 of 578 overall): 2025.06.13_C4_1.tif
    Retained 21 of 366 cells
  Image 47 of 61 (442 of 578 overall): 2025.06.13_C4_2.tif
    Retained 44 of 432 cells
  Image 48 of 61 (443 of 578 overall): 2025.06.13_C4_3.tif
    Retained 33 of 512 cells
  Image 49 of 61 (444 of 578 overall): 2025.06.13_C5_1.tif
    Retained 8 of 485 cells
  Image 50 of 61 (445 of 578 overall): 2025.06.13_C5_2.tif
    Retained 21 of 544 cells
  Image 51 of 61 (446 of 578 overall): 2025.06.13_C5_3.tif
    Retained 60 of 804 cells
  Image 52 of 61 (447 of 578 overall): 2025.06.13_C6_1.tif
    Retained 18 of 656 cells
  Image 53 of 61 (448 of 578 overall): 2025.06.13_C6_2.tif
    Retained 28 of 460 cells
  Image 54 of 61 (449 of 578 overall): 2025.06.13_C6_3.tif
    Retained 22 of 222 cells
  Image 55 of 61 (450 of 578 overall): 2025.06.13_D1_1.tif
    Retained 21 of 404 cells
  Image 56 of 61 (451 of 578 overall): 2025.06.13_D1_2.tif
    Retained 17 of 304 cells
  Image 57 of 61 (452 of 578 overall): 2025.06.13_D1_3.tif
    Retained 20 of 217 cells
  Image 58 of 61 (453 of 578 overall): 2025.06.13_D2_1.tif
    Retained 12 of 209 cells
  Image 59 of 61 (454 of 578 overall): 2025.06.13_D2_2.tif
    Retained 13 of 223 cells
  Image 60 of 61 (455 of 578 overall): 2025.06.13_D2_3.tif
    Retained 17 of 209 cells
  Image 61 of 61 (456 of 578 overall): 2025.06.13_D3.tif
    Retained 205 of 404 cells
Folder 8 of 9: Ig_truncation_3 (61 images)
  Image 1 of 61 (457 of 578 overall): 2026.02.13_A1_1.tif
    Retained 10 of 189 cells
  Image 2 of 61 (458 of 578 overall): 2026.02.13_A1_2.tif
    Retained 13 of 90 cells
  Image 3 of 61 (459 of 578 overall): 2026.02.13_A1_3.tif
    Retained 15 of 120 cells
  Image 4 of 61 (460 of 578 overall): 2026.02.13_A2_1.tif
    Retained 19 of 649 cells
  Image 5 of 61 (461 of 578 overall): 2026.02.13_A2_2.tif
    Retained 4 of 693 cells
  Image 6 of 61 (462 of 578 overall): 2026.02.13_A2_3.tif
    Retained 2 of 453 cells
  Image 7 of 61 (463 of 578 overall): 2026.02.13_A3_1.tif
    Retained 9 of 1210 cells
  Image 8 of 61 (464 of 578 overall): 2026.02.13_A3_2.tif
    Retained 9 of 491 cells
  Image 9 of 61 (465 of 578 overall): 2026.02.13_A3_3.tif
    Retained 4 of 497 cells
  Image 10 of 61 (466 of 578 overall): 2026.02.13_A4_1.tif
    Retained 8 of 451 cells
  Image 11 of 61 (467 of 578 overall): 2026.02.13_A4_2.tif
    Retained 10 of 363 cells
  Image 12 of 61 (468 of 578 overall): 2026.02.13_A4_3.tif
    Retained 6 of 422 cells
  Image 13 of 61 (469 of 578 overall): 2026.02.13_A5_1.tif
    Retained 19 of 451 cells
  Image 14 of 61 (470 of 578 overall): 2026.02.13_A5_2.tif
    Retained 26 of 683 cells
  Image 15 of 61 (471 of 578 overall): 2026.02.13_A5_3.tif
    Retained 79 of 677 cells
  Image 16 of 61 (472 of 578 overall): 2026.02.13_A6_1.tif
    Retained 8 of 463 cells
  Image 17 of 61 (473 of 578 overall): 2026.02.13_A6_2.tif
    Retained 4 of 376 cells
  Image 18 of 61 (474 of 578 overall): 2026.02.13_A6_3.tif
    Retained 1 of 351 cells
  Image 19 of 61 (475 of 578 overall): 2026.02.13_B1_1.tif
    Retained 1 of 598 cells
  Image 20 of 61 (476 of 578 overall): 2026.02.13_B1_2.tif
    Retained 87 of 534 cells
  Image 21 of 61 (477 of 578 overall): 2026.02.13_B1_3.tif
    Retained 29 of 580 cells
  Image 22 of 61 (478 of 578 overall): 2026.02.13_B2_1.tif
    Retained 55 of 687 cells
  Image 23 of 61 (479 of 578 overall): 2026.02.13_B2_2.tif
    Retained 65 of 484 cells
  Image 24 of 61 (480 of 578 overall): 2026.02.13_B2_3.tif
    Retained 60 of 522 cells
  Image 25 of 61 (481 of 578 overall): 2026.02.13_B3_1.tif
    Retained 6 of 457 cells
  Image 26 of 61 (482 of 578 overall): 2026.02.13_B3_2.tif
    Retained 25 of 422 cells
  Image 27 of 61 (483 of 578 overall): 2026.02.13_B3_3.tif
    Retained 8 of 484 cells
  Image 28 of 61 (484 of 578 overall): 2026.02.13_B4_1.tif
    Retained 4 of 555 cells
  Image 29 of 61 (485 of 578 overall): 2026.02.13_B4_2.tif
    Retained 3 of 440 cells
  Image 30 of 61 (486 of 578 overall): 2026.02.13_B4_3.tif
    Retained 3 of 551 cells
  Image 31 of 61 (487 of 578 overall): 2026.02.13_B5_1.tif
    Retained 20 of 646 cells
  Image 32 of 61 (488 of 578 overall): 2026.02.13_B5_2.tif
    Retained 16 of 595 cells
  Image 33 of 61 (489 of 578 overall): 2026.02.13_B5_3.tif
    Retained 39 of 645 cells
  Image 34 of 61 (490 of 578 overall): 2026.02.13_B6_1.tif
    Retained 7 of 516 cells
  Image 35 of 61 (491 of 578 overall): 2026.02.13_B6_2.tif
    Retained 9 of 926 cells
  Image 36 of 61 (492 of 578 overall): 2026.02.13_B6_3.tif
    Retained 16 of 489 cells
  Image 37 of 61 (493 of 578 overall): 2026.02.13_C1_1.tif
    Retained 6 of 458 cells
  Image 38 of 61 (494 of 578 overall): 2026.02.13_C1_2.tif
    Retained 1 of 545 cells
  Image 39 of 61 (495 of 578 overall): 2026.02.13_C1_3.tif
    Retained 3 of 647 cells
  Image 40 of 61 (496 of 578 overall): 2026.02.13_C2_1.tif
    Retained 18 of 697 cells
  Image 41 of 61 (497 of 578 overall): 2026.02.13_C2_2.tif
    Retained 32 of 608 cells
  Image 42 of 61 (498 of 578 overall): 2026.02.13_C2_3.tif
    Retained 31 of 597 cells
  Image 43 of 61 (499 of 578 overall): 2026.02.13_C3_1.tif
    Retained 5 of 592 cells
  Image 44 of 61 (500 of 578 overall): 2026.02.13_C3_2.tif
    Retained 7 of 728 cells
  Image 45 of 61 (501 of 578 overall): 2026.02.13_C3_3.tif
    Retained 7 of 736 cells
  Image 46 of 61 (502 of 578 overall): 2026.02.13_C4_1.tif
    Retained 12 of 721 cells
  Image 47 of 61 (503 of 578 overall): 2026.02.13_C4_2.tif
    Retained 4 of 556 cells
  Image 48 of 61 (504 of 578 overall): 2026.02.13_C4_3.tif
    Retained 14 of 558 cells
  Image 49 of 61 (505 of 578 overall): 2026.02.13_C5_1.tif
    Retained 1 of 592 cells
  Image 50 of 61 (506 of 578 overall): 2026.02.13_C5_2.tif
    Retained 6 of 443 cells
  Image 51 of 61 (507 of 578 overall): 2026.02.13_C5_3.tif
    Retained 1 of 462 cells
  Image 52 of 61 (508 of 578 overall): 2026.02.13_C6_1.tif
    Retained 56 of 779 cells
  Image 53 of 61 (509 of 578 overall): 2026.02.13_C6_2.tif
    Retained 9 of 391 cells
  Image 54 of 61 (510 of 578 overall): 2026.02.13_C6_3.tif
    Retained 35 of 256 cells
  Image 55 of 61 (511 of 578 overall): 2026.02.13_D1_1.tif
    Retained 36 of 447 cells
  Image 56 of 61 (512 of 578 overall): 2026.02.13_D1_2.tif
    Retained 20 of 506 cells
  Image 57 of 61 (513 of 578 overall): 2026.02.13_D1_3.tif
    Retained 39 of 338 cells
  Image 58 of 61 (514 of 578 overall): 2026.02.13_D2_1.tif
    Retained 12 of 616 cells
  Image 59 of 61 (515 of 578 overall): 2026.02.13_D2_2.tif
    Retained 2 of 514 cells
  Image 60 of 61 (516 of 578 overall): 2026.02.13_D2_3.tif
    Retained 1 of 391 cells
  Image 61 of 61 (517 of 578 overall): 2026.02.13_D3.tif
    Retained 850 of 988 cells
Folder 9 of 9: Ig_truncation_4 (61 images)
  Image 1 of 61 (518 of 578 overall): 2026.03.12_A1_1.tif
    Retained 13 of 177 cells
  Image 2 of 61 (519 of 578 overall): 2026.03.12_A1_2.tif
    Retained 27 of 194 cells
  Image 3 of 61 (520 of 578 overall): 2026.03.12_A1_3.tif
    Retained 7 of 127 cells
  Image 4 of 61 (521 of 578 overall): 2026.03.12_A2_1.tif
    Retained 3 of 109 cells
  Image 5 of 61 (522 of 578 overall): 2026.03.12_A2_2.tif
    Retained 1 of 89 cells
  Image 6 of 61 (523 of 578 overall): 2026.03.12_A2_3.tif
    Retained 6 of 182 cells
  Image 7 of 61 (524 of 578 overall): 2026.03.12_A3_1.tif
    Retained 2 of 146 cells
  Image 8 of 61 (525 of 578 overall): 2026.03.12_A3_2.tif
    Retained 2 of 129 cells
  Image 9 of 61 (526 of 578 overall): 2026.03.12_A3_3.tif
    Retained 9 of 179 cells
  Image 10 of 61 (527 of 578 overall): 2026.03.12_A4_1.tif
    Retained 17 of 93 cells
  Image 11 of 61 (528 of 578 overall): 2026.03.12_A4_2.tif
    Retained 9 of 182 cells
  Image 12 of 61 (529 of 578 overall): 2026.03.12_A4_3.tif
    Retained 5 of 140 cells
  Image 13 of 61 (530 of 578 overall): 2026.03.12_A5_1.tif
    Retained 28 of 127 cells
  Image 14 of 61 (531 of 578 overall): 2026.03.12_A5_2.tif
    Retained 3 of 72 cells
  Image 15 of 61 (532 of 578 overall): 2026.03.12_A5_3.tif
    Retained 10 of 67 cells
  Image 16 of 61 (533 of 578 overall): 2026.03.12_A6_1.tif
    Retained 9 of 176 cells
  Image 17 of 61 (534 of 578 overall): 2026.03.12_A6_2.tif
    Retained 6 of 237 cells
  Image 18 of 61 (535 of 578 overall): 2026.03.12_A6_3.tif
    Retained 6 of 289 cells
  Image 19 of 61 (536 of 578 overall): 2026.03.12_B1_1.tif
    Retained 2 of 92 cells
  Image 20 of 61 (537 of 578 overall): 2026.03.12_B1_2.tif
    Retained 1 of 28 cells
  Image 21 of 61 (538 of 578 overall): 2026.03.12_B1_3.tif
    Retained 17 of 89 cells
  Image 22 of 61 (539 of 578 overall): 2026.03.12_B2_1.tif
    Retained 18 of 150 cells
  Image 23 of 61 (540 of 578 overall): 2026.03.12_B2_2.tif
    Retained 11 of 173 cells
  Image 24 of 61 (541 of 578 overall): 2026.03.12_B2_3.tif
    Retained 5 of 83 cells
  Image 25 of 61 (542 of 578 overall): 2026.03.12_B3_1.tif
    Retained 3 of 176 cells
  Image 26 of 61 (543 of 578 overall): 2026.03.12_B3_2.tif
    Retained 3 of 78 cells
  Image 27 of 61 (544 of 578 overall): 2026.03.12_B3_3.tif
    Retained 1 of 143 cells
  Image 28 of 61 (545 of 578 overall): 2026.03.12_B4_1.tif
    Retained 35 of 250 cells
  Image 29 of 61 (546 of 578 overall): 2026.03.12_B4_2.tif
    Retained 2 of 211 cells
  Image 30 of 61 (547 of 578 overall): 2026.03.12_B4_3.tif
    Retained 5 of 300 cells
  Image 31 of 61 (548 of 578 overall): 2026.03.12_B5_1.tif
    Retained 14 of 206 cells
  Image 32 of 61 (549 of 578 overall): 2026.03.12_B5_2.tif
    Retained 14 of 126 cells
  Image 33 of 61 (550 of 578 overall): 2026.03.12_B5_3.tif
    Retained 32 of 149 cells
  Image 34 of 61 (551 of 578 overall): 2026.03.12_B6_1.tif
    Retained 3 of 105 cells
  Image 35 of 61 (552 of 578 overall): 2026.03.12_B6_2.tif
    Retained 11 of 142 cells
  Image 36 of 61 (553 of 578 overall): 2026.03.12_B6_3.tif
    Retained 6 of 154 cells
  Image 37 of 61 (554 of 578 overall): 2026.03.12_C1_1.tif
    Retained 7 of 126 cells
  Image 38 of 61 (555 of 578 overall): 2026.03.12_C1_2.tif
    Retained 1 of 112 cells
  Image 39 of 61 (556 of 578 overall): 2026.03.12_C1_3.tif
    Retained 6 of 100 cells
  Image 40 of 61 (557 of 578 overall): 2026.03.12_C2_1.tif
    Retained 3 of 79 cells
  Image 41 of 61 (558 of 578 overall): 2026.03.12_C2_2.tif
    Retained 1 of 75 cells
  Image 42 of 61 (559 of 578 overall): 2026.03.12_C2_3.tif
    Retained 4 of 98 cells
  Image 43 of 61 (560 of 578 overall): 2026.03.12_C3_1.tif
    Retained 1 of 105 cells
  Image 44 of 61 (561 of 578 overall): 2026.03.12_C3_2.tif
    Retained 5 of 241 cells
  Image 45 of 61 (562 of 578 overall): 2026.03.12_C3_3.tif
    Retained 1 of 102 cells
  Image 46 of 61 (563 of 578 overall): 2026.03.12_C4_1.tif
    Retained 1 of 84 cells
  Image 47 of 61 (564 of 578 overall): 2026.03.12_C4_2.tif
    Retained 2 of 142 cells
  Image 48 of 61 (565 of 578 overall): 2026.03.12_C4_3.tif
    Retained 1 of 35 cells
  Image 49 of 61 (566 of 578 overall): 2026.03.12_C5_1.tif
    Retained 7 of 187 cells
  Image 50 of 61 (567 of 578 overall): 2026.03.12_C5_2.tif
    Retained 3 of 91 cells
  Image 51 of 61 (568 of 578 overall): 2026.03.12_C5_3.tif
    Retained 1 of 63 cells
  Image 52 of 61 (569 of 578 overall): 2026.03.12_C6_1.tif
    Retained 8 of 81 cells
  Image 53 of 61 (570 of 578 overall): 2026.03.12_C6_2.tif
    Retained 9 of 161 cells
  Image 54 of 61 (571 of 578 overall): 2026.03.12_C6_3.tif
    Retained 0 of 41 cells
  Image 55 of 61 (572 of 578 overall): 2026.03.12_D1_1.tif
    Retained 11 of 153 cells
  Image 56 of 61 (573 of 578 overall): 2026.03.12_D1_2.tif
    Retained 10 of 70 cells
  Image 57 of 61 (574 of 578 overall): 2026.03.12_D1_3.tif
    Retained 9 of 91 cells
  Image 58 of 61 (575 of 578 overall): 2026.03.12_D2_1.tif
    Retained 9 of 129 cells
  Image 59 of 61 (576 of 578 overall): 2026.03.12_D2_2.tif
    Retained 8 of 112 cells
  Image 60 of 61 (577 of 578 overall): 2026.03.12_D2_3.tif
    Retained 4 of 124 cells
  Image 61 of 61 (578 of 578 overall): 2026.03.12_D3.tif
    Retained 119 of 153 cells
Saved 10466 cell rows to /media/ograciac/light-roast/ograciac/MorroCells/DatasetsParsho/Titin-truncations/results/final_data.csv
Using GPU: True
Optimal aggregate threshold: 797.6908569335938
Positive pixels at threshold: 1639
Set 1 of 828: A10_010plate3.tif
Set 2 of 828: A10_019plate2.tif
Set 3 of 828: A10_020plate2.tif
Set 4 of 828: A10_020plate6.tif
Set 5 of 828: A10_021plate6.tif
Set 6 of 828: A10_025plate4.tif
Set 7 of 828: A10_025plate5.tif
Set 8 of 828: A10_026plate4.tif
Set 9 of 828: A10_026plate5.tif
Set 10 of 828: A10_027plate4.tif
Set 11 of 828: A10_027plate5.tif
Set 12 of 828: A12_011plate3.tif
Set 13 of 828: A12_021plate2.tif
Set 14 of 828: A12_022plate6.tif
Set 15 of 828: A12_028plate4.tif
Set 16 of 828: A12_028plate5.tif
Set 17 of 828: A12_029plate4.tif
Set 18 of 828: A12_029plate5.tif
Set 19 of 828: A12_030plate4.tif
Set 20 of 828: A1_000plate2.tif
Set 21 of 828: A1_000plate4.tif
Set 22 of 828: A1_000plate5.tif
Set 23 of 828: A1_000plate6.tif
Set 24 of 828: A1_001plate2.tif
Set 25 of 828: A1_001plate3.tif
Set 26 of 828: A1_001plate4.tif
Set 27 of 828: A1_001plate5.tif
Set 28 of 828: A1_001plate6.tif
Set 29 of 828: A1_002plate2.tif
Set 30 of 828: A1_plate4.tif
Set 31 of 828: A1_plate5.tif
Set 32 of 828: A1_plate6.tif
Set 33 of 828: A2_002plate3.tif
Set 34 of 828: A2_002plate4.tif
Set 35 of 828: A2_002plate5.tif
Set 36 of 828: A2_002plate6.tif
Set 37 of 828: A2_003plate2.tif
Set 38 of 828: A2_003plate4.tif
Set 39 of 828: A2_003plate5.tif
Set 40 of 828: A2_004plate2.tif
Set 41 of 828: A2_004plate4.tif
Set 42 of 828: A2_004plate5.tif
Set 43 of 828: A2_005plate2.tif
Set 44 of 828: A3_003plate3.tif
Set 45 of 828: A3_003plate6.tif
Set 46 of 828: A3_004plate6.tif
Set 47 of 828: A3_005plate4.tif
Set 48 of 828: A3_005plate5.tif
Set 49 of 828: A3_005plate6.tif
Set 50 of 828: A3_006plate2.tif
Set 51 of 828: A3_006plate4.tif
Set 52 of 828: A3_006plate5.tif
Set 53 of 828: A3_007plate2.tif
Set 54 of 828: A3_007plate4.tif
Set 55 of 828: A3_007plate5.tif
Set 56 of 828: A4_004plate3.tif
Set 57 of 828: A4_006plate6.tif
Set 58 of 828: A4_007plate6.tif
Set 59 of 828: A4_008plate2.tif
Set 60 of 828: A4_008plate4.tif
Set 61 of 828: A4_008plate5.tif
Set 62 of 828: A4_008plate6.tif
Set 63 of 828: A4_009plate2.tif
Set 64 of 828: A4_009plate4.tif
Set 65 of 828: A4_009plate5.tif
Set 66 of 828: A4_010plate4.tif
Set 67 of 828: A4_010plate5.tif
Set 68 of 828: A5_005plate3.tif
Set 69 of 828: A5_009plate6.tif
Set 70 of 828: A5_010plate2.tif
Set 71 of 828: A5_010plate6.tif
Set 72 of 828: A5_011plate4.tif
Set 73 of 828: A5_011plate5.tif
Set 74 of 828: A5_011plate6.tif
Set 75 of 828: A5_012plate4.tif
Set 76 of 828: A5_012plate5.tif
Set 77 of 828: A5_013plate4.tif
Set 78 of 828: A6_006plate3.tif
Set 79 of 828: A6_011plate2.tif
Set 80 of 828: A6_012plate2.tif
Set 81 of 828: A6_012plate6.tif
Set 82 of 828: A6_013plate5.tif
Set 83 of 828: A6_013plate6.tif
Set 84 of 828: A6_014plate4.tif
Set 85 of 828: A6_014plate5.tif
Set 86 of 828: A6_015plate4.tif
Set 87 of 828: A6_015plate5.tif
Set 88 of 828: A7_007plate3.tif
Set 89 of 828: A7_013plate2.tif
Set 90 of 828: A7_014plate2.tif
Set 91 of 828: A7_014plate6.tif
Set 92 of 828: A7_015plate6.tif
Set 93 of 828: A7_016plate4.tif
Set 94 of 828: A7_016plate5.tif
Set 95 of 828: A7_017plate4.tif
Set 96 of 828: A7_017plate5.tif
Set 97 of 828: A7_018plate4.tif
Set 98 of 828: A7_018plate5.tif
Set 99 of 828: A8_008plate3.tif
Set 100 of 828: A8_015plate2.tif
Set 101 of 828: A8_016plate2.tif
Set 102 of 828: A8_016plate6.tif
Set 103 of 828: A8_017plate6.tif
Set 104 of 828: A8_019plate4.tif
Set 105 of 828: A8_019plate5.tif
Set 106 of 828: A8_020plate4.tif
Set 107 of 828: A8_020plate5.tif
Set 108 of 828: A8_021plate4.tif
Set 109 of 828: A8_021plate5.tif
Set 110 of 828: A9_009plate3.tif
Set 111 of 828: A9_017plate2.tif
Set 112 of 828: A9_018plate2.tif
Set 113 of 828: A9_018plate6.tif
Set 114 of 828: A9_019plate6.tif
Set 115 of 828: A9_022plate4.tif
Set 116 of 828: A9_022plate5.tif
Set 117 of 828: A9_023plate4.tif
Set 118 of 828: A9_023plate5.tif
Set 119 of 828: A9_024plate4.tif
Set 120 of 828: A9_024plate5.tif
Set 121 of 828: B10_021plate3.tif
Set 122 of 828: B10_034plate2.tif
Set 123 of 828: B10_049plate4.tif
Set 124 of 828: B10_050plate4.tif
Set 125 of 828: B10_051plate4.tif
Set 126 of 828: B10_055plate5.tif
Set 127 of 828: B10_056plate5.tif
Set 128 of 828: B10_057plate5.tif
Set 129 of 828: B11_022plate3.tif
Set 130 of 828: B11_035plate2.tif
Set 131 of 828: B11_052plate4.tif
Set 132 of 828: B11_053plate4.tif
Set 133 of 828: B11_054plate4.tif
Set 134 of 828: B11_058plate5.tif
Set 135 of 828: B11_059plate5.tif
Set 136 of 828: B11_060plate5.tif
Set 137 of 828: B12_023plate3.tif
Set 138 of 828: B12_036plate2.tif
Set 139 of 828: B12_055plate4.tif
Set 140 of 828: B12_056plate4.tif
Set 141 of 828: B12_057plate4.tif
Set 142 of 828: B12_061plate5.tif
Set 143 of 828: B12_062plate5.tif
Set 144 of 828: B1_012plate3.tif
Set 145 of 828: B1_022plate2.tif
Set 146 of 828: B1_023plate2.tif
Set 147 of 828: B1_030plate5.tif
Set 148 of 828: B1_031plate4.tif
Set 149 of 828: B1_031plate5.tif
Set 150 of 828: B1_032plate4.tif
Set 151 of 828: B1_032plate5.tif
Set 152 of 828: B1_033plate4.tif
Set 153 of 828: B2_013plate3.tif
Set 154 of 828: B2_024plate2.tif
Set 155 of 828: B2_025plate2.tif
Set 156 of 828: B2_033plate5.tif
Set 157 of 828: B2_034plate4.tif
Set 158 of 828: B2_034plate5.tif
Set 159 of 828: B2_035plate4.tif
Set 160 of 828: B2_035plate5.tif
Set 161 of 828: B2_036plate4.tif
Set 162 of 828: B2_052plate1.tif
Set 163 of 828: B3_014plate3.tif
Set 164 of 828: B3_026plate2.tif
Set 165 of 828: B3_036plate5.tif
Set 166 of 828: B3_037plate4.tif
Set 167 of 828: B3_037plate5.tif
Set 168 of 828: B3_038plate4.tif
Set 169 of 828: B3_073plate1.tif
Set 170 of 828: B4_015plate3.tif
Set 171 of 828: B4_027plate2.tif
Set 172 of 828: B4_038plate5.tif
Set 173 of 828: B4_039plate4.tif
Set 174 of 828: B4_039plate5.tif
Set 175 of 828: B4_040plate4.tif
Set 176 of 828: B4_040plate5.tif
Set 177 of 828: B4_041plate4.tif
Set 178 of 828: B4_049plate1.tif
Set 179 of 828: B4_050plate1.tif
Set 180 of 828: B5_016plate3.tif
Set 181 of 828: B5_028plate2.tif
Set 182 of 828: B5_041plate5.tif
Set 183 of 828: B5_042plate4.tif
Set 184 of 828: B5_042plate5.tif
Set 185 of 828: B5_043plate4.tif
Set 186 of 828: B5_044plate4.tif
Set 187 of 828: B5_047plate1.tif
Set 188 of 828: B5_048plate1.tif
Set 189 of 828: B6_017plate3.tif
Set 190 of 828: B6_023plate6.tif
Set 191 of 828: B6_024plate6.tif
Set 192 of 828: B6_043plate5.tif
Set 193 of 828: B6_044plate5.tif
Set 194 of 828: B6_045plate1.tif
Set 195 of 828: B6_045plate5.tif
Set 196 of 828: B6_046plate1.tif
Set 197 of 828: B7_018plate3.tif
Set 198 of 828: B7_029plate2.tif
Set 199 of 828: B7_030plate2.tif
Set 200 of 828: B7_043plate1.tif
Set 201 of 828: B7_044plate1.tif
Set 202 of 828: B7_045plate4.tif
Set 203 of 828: B7_046plate4.tif
Set 204 of 828: B7_046plate5.tif
Set 205 of 828: B7_047plate5.tif
Set 206 of 828: B7_048plate5.tif
Set 207 of 828: B8_019plate3.tif
Set 208 of 828: B8_025plate6.tif
Set 209 of 828: B8_031plate2.tif
Set 210 of 828: B8_032plate2.tif
Set 211 of 828: B8_041plate1.tif
Set 212 of 828: B8_042plate1.tif
Set 213 of 828: B8_049plate5.tif
Set 214 of 828: B8_050plate5.tif
Set 215 of 828: B8_051plate5.tif
Set 216 of 828: B9_020plate3.tif
Set 217 of 828: B9_026plate6.tif
Set 218 of 828: B9_033plate2.tif
Set 219 of 828: B9_039plate1.tif
Set 220 of 828: B9_040plate1.tif
Set 221 of 828: B9_047plate4.tif
Set 222 of 828: B9_048plate4.tif
Set 223 of 828: B9_052plate5.tif
Set 224 of 828: B9_053plate5.tif
Set 225 of 828: B9_054plate5.tif
Set 226 of 828: C10_033plate3.tif
Set 227 of 828: C10_041plate2.tif
Set 228 of 828: C10_065plate1.tif
Set 229 of 828: C10_066plate1.tif
Set 230 of 828: C10_090plate5.tif
Set 231 of 828: C10_091plate5.tif
Set 232 of 828: C10_092plate5.tif
Set 233 of 828: C11_030plate6.tif
Set 234 of 828: C11_034plate3.tif
Set 235 of 828: C11_039plate2.tif
Set 236 of 828: C11_040plate2.tif
Set 237 of 828: C11_067plate1.tif
Set 238 of 828: C11_068plate1.tif
Set 239 of 828: C11_093plate5.tif
Set 240 of 828: C11_094plate5.tif
Set 241 of 828: C11_095plate5.tif
Set 242 of 828: C12_035plate3.tif
Set 243 of 828: C12_037plate2.tif
Set 244 of 828: C12_038plate2.tif
Set 245 of 828: C12_069plate1.tif
Set 246 of 828: C12_070plate1.tif
Set 247 of 828: C12_079plate4.tif
Set 248 of 828: C12_080plate4.tif
Set 249 of 828: C12_096plate5.tif
Set 250 of 828: C12_097plate5.tif
Set 251 of 828: C12_098plate5.tif
Set 252 of 828: C1_004plate1.tif
Set 253 of 828: C1_024plate3.tif
Set 254 of 828: C1_046plate2.tif
Set 255 of 828: C1_058plate4.tif
Set 256 of 828: C1_059plate4.tif
Set 257 of 828: C1_060plate4.tif
Set 258 of 828: C1_063plate5.tif
Set 259 of 828: C1_064plate5.tif
Set 260 of 828: C1_065plate5.tif
Set 261 of 828: C2_025plate3.tif
Set 262 of 828: C2_045plate2.tif
Set 263 of 828: C2_061plate4.tif
Set 264 of 828: C2_062plate4.tif
Set 265 of 828: C2_063plate4.tif
Set 266 of 828: C2_066plate5.tif
Set 267 of 828: C2_067plate5.tif
Set 268 of 828: C2_068plate5.tif
Set 269 of 828: C2_071plate1.tif
Set 270 of 828: C2_072plate1.tif
Set 271 of 828: C3_026plate3.tif
Set 272 of 828: C3_053plate1.tif
Set 273 of 828: C3_054plate1.tif
Set 274 of 828: C3_064plate4.tif
Set 275 of 828: C3_065plate4.tif
Set 276 of 828: C3_069plate5.tif
Set 277 of 828: C3_070plate5.tif
Set 278 of 828: C3_071plate5.tif
Set 279 of 828: C4_027plate3.tif
Set 280 of 828: C4_055plate1.tif
Set 281 of 828: C4_066plate4.tif
Set 282 of 828: C4_067plate4.tif
Set 283 of 828: C4_068plate4.tif
Set 284 of 828: C4_072plate5.tif
Set 285 of 828: C4_073plate5.tif
Set 286 of 828: C4_074plate5.tif
Set 287 of 828: C5_028plate3.tif
Set 288 of 828: C5_056plate1.tif
Set 289 of 828: C5_069plate4.tif
Set 290 of 828: C5_070plate4.tif
Set 291 of 828: C5_071plate4.tif
Set 292 of 828: C5_075plate5.tif
Set 293 of 828: C5_076plate5.tif
Set 294 of 828: C5_077plate5.tif
Set 295 of 828: C6_029plate3.tif
Set 296 of 828: C6_057plate1.tif
Set 297 of 828: C6_072plate4.tif
Set 298 of 828: C6_073plate4.tif
Set 299 of 828: C6_078plate5.tif
Set 300 of 828: C6_079plate5.tif
Set 301 of 828: C6_080plate5.tif
Set 302 of 828: C7_027plate6.tif
Set 303 of 828: C7_030plate3.tif
Set 304 of 828: C7_044plate2.tif
Set 305 of 828: C7_058plate1.tif
Set 306 of 828: C7_059plate1.tif
Set 307 of 828: C7_060plate1.tif
Set 308 of 828: C7_081plate5.tif
Set 309 of 828: C7_082plate5.tif
Set 310 of 828: C7_083plate5.tif
Set 311 of 828: C8_028plate6.tif
Set 312 of 828: C8_031plate3.tif
Set 313 of 828: C8_043plate2.tif
Set 314 of 828: C8_061plate1.tif
Set 315 of 828: C8_062plate1.tif
Set 316 of 828: C8_074plate4.tif
Set 317 of 828: C8_075plate4.tif
Set 318 of 828: C8_076plate4.tif
Set 319 of 828: C8_084plate5.tif
Set 320 of 828: C8_085plate5.tif
Set 321 of 828: C8_086plate5.tif
Set 322 of 828: C9_029plate6.tif
Set 323 of 828: C9_032plate3.tif
Set 324 of 828: C9_042plate2.tif
Set 325 of 828: C9_063plate1.tif
Set 326 of 828: C9_064plate1.tif
Set 327 of 828: C9_077plate4.tif
Set 328 of 828: C9_078plate4.tif
Set 329 of 828: C9_087plate5.tif
Set 330 of 828: C9_088plate5.tif
Set 331 of 828: C9_089plate5.tif
Set 332 of 828: D10_044plate3.tif
Set 333 of 828: D10_051plate2.tif
Set 334 of 828: D10_081plate1.tif
Set 335 of 828: D10_082plate1.tif
Set 336 of 828: D10_126plate5.tif
Set 337 of 828: D10_127plate5.tif
Set 338 of 828: D10_128plate5.tif
Set 339 of 828: D11_045plate3.tif
Set 340 of 828: D11_105plate4.tif
Set 341 of 828: D11_106plate4.tif
Set 342 of 828: D11_129plate5.tif
Set 343 of 828: D11_130plate5.tif
Set 344 of 828: D11_131plate5.tif
Set 345 of 828: D12_046plate3.tif
Set 346 of 828: D12_052plate2.tif
Set 347 of 828: D12_083plate1.tif
Set 348 of 828: D12_084plate1.tif
Set 349 of 828: D12_107plate4.tif
Set 350 of 828: D12_108plate4.tif
Set 351 of 828: D12_132plate5.tif
Set 352 of 828: D12_133plate5.tif
Set 353 of 828: D12_134plate5.tif
Set 354 of 828: D1_005plate1.tif
Set 355 of 828: D1_036plate3.tif
Set 356 of 828: D1_082plate4.tif
Set 357 of 828: D1_083plate4.tif
Set 358 of 828: D1_084plate4.tif
Set 359 of 828: D1_099plate5.tif
Set 360 of 828: D1_100plate5.tif
Set 361 of 828: D1_101plate5.tif
Set 362 of 828: D2_037plate3.tif
Set 363 of 828: D2_047plate2.tif
Set 364 of 828: D2_074plate1.tif
Set 365 of 828: D2_085plate4.tif
Set 366 of 828: D2_086plate4.tif
Set 367 of 828: D2_102plate5.tif
Set 368 of 828: D2_103plate5.tif
Set 369 of 828: D2_104plate5.tif
Set 370 of 828: D3_038plate3.tif
Set 371 of 828: D3_076plate1.tif
Set 372 of 828: D3_077plate1.tif
Set 373 of 828: D3_087plate4.tif
Set 374 of 828: D3_088plate4.tif
Set 375 of 828: D3_089plate4.tif
Set 376 of 828: D3_105plate5.tif
Set 377 of 828: D3_106plate5.tif
Set 378 of 828: D3_107plate5.tif
Set 379 of 828: D4_039plate3.tif
Set 380 of 828: D4_048plate2.tif
Set 381 of 828: D4_078plate1.tif
Set 382 of 828: D4_079plate1.tif
Set 383 of 828: D4_090plate4.tif
Set 384 of 828: D4_091plate4.tif
Set 385 of 828: D4_092plate4.tif
Set 386 of 828: D4_108plate5.tif
Set 387 of 828: D4_109plate5.tif
Set 388 of 828: D4_110plate5.tif
Set 389 of 828: D5_031plate6.tif
Set 390 of 828: D5_040plate3.tif
Set 391 of 828: D5_049plate2.tif
Set 392 of 828: D5_080plate1.tif
Set 393 of 828: D5_093plate4.tif
Set 394 of 828: D5_111plate5.tif
Set 395 of 828: D5_112plate5.tif
Set 396 of 828: D5_113plate5.tif
Set 397 of 828: D6_041plate3.tif
Set 398 of 828: D6_050plate2.tif
Set 399 of 828: D6_094plate4.tif
Set 400 of 828: D6_095plate4.tif
Set 401 of 828: D6_096plate4.tif
Set 402 of 828: D6_114plate5.tif
Set 403 of 828: D6_115plate5.tif
Set 404 of 828: D6_116plate5.tif
Set 405 of 828: D7_097plate4.tif
Set 406 of 828: D7_098plate4.tif
Set 407 of 828: D7_099plate4.tif
Set 408 of 828: D7_117plate5.tif
Set 409 of 828: D7_118plate5.tif
Set 410 of 828: D7_119plate5.tif
Set 411 of 828: D8_042plate3.tif
Set 412 of 828: D8_100plate4.tif
Set 413 of 828: D8_101plate4.tif
Set 414 of 828: D8_102plate4.tif
Set 415 of 828: D8_120plate5.tif
Set 416 of 828: D8_121plate5.tif
Set 417 of 828: D8_122plate5.tif
Set 418 of 828: D9_043plate3.tif
Set 419 of 828: D9_103plate4.tif
Set 420 of 828: D9_104plate4.tif
Set 421 of 828: D9_123plate5.tif
Set 422 of 828: D9_124plate5.tif
Set 423 of 828: D9_125plate5.tif
Set 424 of 828: E10_034plate6.tif
Set 425 of 828: E10_055plate3.tif
Set 426 of 828: E10_061plate2.tif
Set 427 of 828: E10_092plate1.tif
Set 428 of 828: E10_093plate1.tif
Set 429 of 828: E10_162plate5.tif
Set 430 of 828: E10_163plate5.tif
Set 431 of 828: E10_164plate5.tif
Set 432 of 828: E11_056plate3.tif
Set 433 of 828: E11_062plate2.tif
Set 434 of 828: E11_094plate1.tif
Set 435 of 828: E11_135plate4.tif
Set 436 of 828: E11_136plate4.tif
Set 437 of 828: E11_137plate4.tif
Set 438 of 828: E11_165plate5.tif
Set 439 of 828: E11_166plate5.tif
Set 440 of 828: E11_167plate5.tif
Set 441 of 828: E12_057plate3.tif
Set 442 of 828: E12_063plate2.tif
Set 443 of 828: E12_095plate1.tif
Set 444 of 828: E12_096plate1.tif
Set 445 of 828: E12_138plate4.tif
Set 446 of 828: E12_139plate4.tif
Set 447 of 828: E12_168plate5.tif
Set 448 of 828: E12_169plate5.tif
Set 449 of 828: E12_170plate5.tif
Set 450 of 828: E1_006plate1.tif
Set 451 of 828: E1_007plate1.tif
Set 452 of 828: E1_047plate3.tif
Set 453 of 828: E1_053plate2.tif
Set 454 of 828: E1_054plate2.tif
Set 455 of 828: E1_109plate4.tif
Set 456 of 828: E1_110plate4.tif
Set 457 of 828: E1_111plate4.tif
Set 458 of 828: E1_135plate5.tif
Set 459 of 828: E1_136plate5.tif
Set 460 of 828: E1_137plate5.tif
Set 461 of 828: E2_085plate1.tif
Set 462 of 828: E2_086plate1.tif
Set 463 of 828: E2_087plate1.tif
Set 464 of 828: E2_112plate4.tif
Set 465 of 828: E2_113plate4.tif
Set 466 of 828: E2_114plate4.tif
Set 467 of 828: E2_138plate5.tif
Set 468 of 828: E2_139plate5.tif
Set 469 of 828: E2_140plate5.tif
Set 470 of 828: E3_048plate3.tif
Set 471 of 828: E3_055plate2.tif
Set 472 of 828: E3_088plate1.tif
Set 473 of 828: E3_089plate1.tif
Set 474 of 828: E3_115plate4.tif
Set 475 of 828: E3_116plate4.tif
Set 476 of 828: E3_117plate4.tif
Set 477 of 828: E3_141plate5.tif
Set 478 of 828: E3_142plate5.tif
Set 479 of 828: E3_143plate5.tif
Set 480 of 828: E4_032plate6.tif
Set 481 of 828: E4_049plate3.tif
Set 482 of 828: E4_056plate2.tif
Set 483 of 828: E4_090plate1.tif
Set 484 of 828: E4_118plate4.tif
Set 485 of 828: E4_119plate4.tif
Set 486 of 828: E4_120plate4.tif
Set 487 of 828: E4_144plate5.tif
Set 488 of 828: E4_145plate5.tif
Set 489 of 828: E4_146plate5.tif
Set 490 of 828: E5_050plate3.tif
Set 491 of 828: E5_057plate2.tif
Set 492 of 828: E5_121plate4.tif
Set 493 of 828: E5_122plate4.tif
Set 494 of 828: E5_123plate4.tif
Set 495 of 828: E5_147plate5.tif
Set 496 of 828: E5_148plate5.tif
Set 497 of 828: E5_149plate5.tif
Set 498 of 828: E6_058plate2.tif
Set 499 of 828: E6_091plate1.tif
Set 500 of 828: E6_124plate4.tif
Set 501 of 828: E6_125plate4.tif
Set 502 of 828: E6_126plate4.tif
Set 503 of 828: E6_150plate5.tif
Set 504 of 828: E6_151plate5.tif
Set 505 of 828: E6_152plate5.tif
Set 506 of 828: E7_052plate3.tif
Set 507 of 828: E7_127plate4.tif
Set 508 of 828: E7_128plate4.tif
Set 509 of 828: E7_153plate5.tif
Set 510 of 828: E7_154plate5.tif
Set 511 of 828: E7_155plate5.tif
Set 512 of 828: E8_033plate6.tif
Set 513 of 828: E8_053plate3.tif
Set 514 of 828: E8_059plate2.tif
Set 515 of 828: E8_129plate4.tif
Set 516 of 828: E8_130plate4.tif
Set 517 of 828: E8_131plate4.tif
Set 518 of 828: E8_156plate5.tif
Set 519 of 828: E8_157plate5.tif
Set 520 of 828: E8_158plate5.tif
Set 521 of 828: E9_054plate3.tif
Set 522 of 828: E9_060plate2.tif
Set 523 of 828: E9_132plate4.tif
Set 524 of 828: E9_133plate4.tif
Set 525 of 828: E9_134plate4.tif
Set 526 of 828: E9_159plate5.tif
Set 527 of 828: E9_160plate5.tif
Set 528 of 828: E9_161plate5.tif
Set 529 of 828: F10_166plate4.tif
Set 530 of 828: F10_167plate4.tif
Set 531 of 828: F10_198plate5.tif
Set 532 of 828: F10_199plate5.tif
Set 533 of 828: F10_200plate5.tif
Set 534 of 828: F11_065plate3.tif
Set 535 of 828: F11_072plate2.tif
Set 536 of 828: F11_109plate1.tif
Set 537 of 828: F11_168plate4.tif
Set 538 of 828: F11_169plate4.tif
Set 539 of 828: F11_201plate5.tif
Set 540 of 828: F11_202plate5.tif
Set 541 of 828: F11_203plate5.tif
Set 542 of 828: F12_170plate4.tif
Set 543 of 828: F12_171plate4.tif
Set 544 of 828: F12_172plate4.tif
Set 545 of 828: F12_204plate5.tif
Set 546 of 828: F12_205plate5.tif
Set 547 of 828: F12_206plate5.tif
Set 548 of 828: F1_008plate1.tif
Set 549 of 828: F1_009plate1.tif
Set 550 of 828: F1_058plate3.tif
Set 551 of 828: F1_064plate2.tif
Set 552 of 828: F1_140plate4.tif
Set 553 of 828: F1_141plate4.tif
Set 554 of 828: F1_142plate4.tif
Set 555 of 828: F1_171plate5.tif
Set 556 of 828: F1_172plate5.tif
Set 557 of 828: F1_173plate5.tif
Set 558 of 828: F2_036plate6.tif
Set 559 of 828: F2_059plate3.tif
Set 560 of 828: F2_065plate2.tif
Set 561 of 828: F2_143plate4.tif
Set 562 of 828: F2_144plate4.tif
Set 563 of 828: F2_145plate4.tif
Set 564 of 828: F2_174plate5.tif
Set 565 of 828: F2_175plate5.tif
Set 566 of 828: F2_176plate5.tif
Set 567 of 828: F3_060plate3.tif
Set 568 of 828: F3_066plate2.tif
Set 569 of 828: F3_097plate1.tif
Set 570 of 828: F3_146plate4.tif
Set 571 of 828: F3_147plate4.tif
Set 572 of 828: F3_177plate5.tif
Set 573 of 828: F3_178plate5.tif
Set 574 of 828: F3_179plate5.tif
Set 575 of 828: F4_067plate2.tif
Set 576 of 828: F4_098plate1.tif
Set 577 of 828: F4_148plate4.tif
Set 578 of 828: F4_149plate4.tif
Set 579 of 828: F4_150plate4.tif
Set 580 of 828: F4_180plate5.tif
Set 581 of 828: F4_181plate5.tif
Set 582 of 828: F4_182plate5.tif
Set 583 of 828: F5_061plate3.tif
Set 584 of 828: F5_099plate1.tif
Set 585 of 828: F5_100plate1.tif
Set 586 of 828: F5_151plate4.tif
Set 587 of 828: F5_152plate4.tif
Set 588 of 828: F5_183plate5.tif
Set 589 of 828: F5_184plate5.tif
Set 590 of 828: F5_185plate5.tif
Set 591 of 828: F6_069plate2.tif
Set 592 of 828: F6_101plate1.tif
Set 593 of 828: F6_102plate1.tif
Set 594 of 828: F6_153plate4.tif
Set 595 of 828: F6_154plate4.tif
Set 596 of 828: F6_155plate4.tif
Set 597 of 828: F6_156plate4.tif
Set 598 of 828: F6_186plate5.tif
Set 599 of 828: F6_187plate5.tif
Set 600 of 828: F6_188plate5.tif
Set 601 of 828: F7_035plate6.tif
Set 602 of 828: F7_062plate3.tif
Set 603 of 828: F7_070plate2.tif
Set 604 of 828: F7_103plate1.tif
Set 605 of 828: F7_104plate1.tif
Set 606 of 828: F7_157plate4.tif
Set 607 of 828: F7_158plate4.tif
Set 608 of 828: F7_159plate4.tif
Set 609 of 828: F7_189plate5.tif
Set 610 of 828: F7_190plate5.tif
Set 611 of 828: F7_191plate5.tif
Set 612 of 828: F8_063plate3.tif
Set 613 of 828: F8_105plate1.tif
Set 614 of 828: F8_106plate1.tif
Set 615 of 828: F8_160plate4.tif
Set 616 of 828: F8_161plate4.tif
Set 617 of 828: F8_162plate4.tif
Set 618 of 828: F8_192plate5.tif
Set 619 of 828: F8_193plate5.tif
Set 620 of 828: F8_194plate5.tif
Set 621 of 828: F9_064plate3.tif
Set 622 of 828: F9_071plate2.tif
Set 623 of 828: F9_107plate1.tif
Set 624 of 828: F9_108plate1.tif
Set 625 of 828: F9_163plate4.tif
Set 626 of 828: F9_164plate4.tif
Set 627 of 828: F9_165plate4.tif
Set 628 of 828: F9_195plate5.tif
Set 629 of 828: F9_196plate5.tif
Set 630 of 828: F9_197plate5.tif
Set 631 of 828: G10_038plate6.tif
Set 632 of 828: G10_074plate2.tif
Set 633 of 828: G10_123plate1.tif
Set 634 of 828: G10_124plate1.tif
Set 635 of 828: G10_199plate4.tif
Set 636 of 828: G10_200plate4.tif
Set 637 of 828: G10_201plate4.tif
Set 638 of 828: G10_234plate5.tif
Set 639 of 828: G10_235plate5.tif
Set 640 of 828: G10_236plate5.tif
Set 641 of 828: G11_073plate2.tif
Set 642 of 828: G11_125plate1.tif
Set 643 of 828: G11_126plate1.tif
Set 644 of 828: G11_202plate4.tif
Set 645 of 828: G11_203plate4.tif
Set 646 of 828: G11_204plate4.tif
Set 647 of 828: G11_237plate5.tif
Set 648 of 828: G11_238plate5.tif
Set 649 of 828: G11_239plate5.tif
Set 650 of 828: G1_010plate1.tif
Set 651 of 828: G1_011plate1.tif
Set 652 of 828: G1_068plate3.tif
Set 653 of 828: G1_081plate2.tif
Set 654 of 828: G1_173plate4.tif
Set 655 of 828: G1_174plate4.tif
Set 656 of 828: G1_175plate4.tif
Set 657 of 828: G1_207plate5.tif
Set 658 of 828: G1_208plate5.tif
Set 659 of 828: G1_209plate5.tif
Set 660 of 828: G2_176plate4.tif
Set 661 of 828: G2_177plate4.tif
Set 662 of 828: G2_178plate4.tif
Set 663 of 828: G2_210plate5.tif
Set 664 of 828: G2_211plate5.tif
Set 665 of 828: G2_212plate5.tif
Set 666 of 828: G3_067plate3.tif
Set 667 of 828: G3_179plate4.tif
Set 668 of 828: G3_180plate4.tif
Set 669 of 828: G3_181plate4.tif
Set 670 of 828: G3_213plate5.tif
Set 671 of 828: G3_214plate5.tif
Set 672 of 828: G3_215plate5.tif
Set 673 of 828: G4_080plate2.tif
Set 674 of 828: G4_110plate1.tif
Set 675 of 828: G4_111plate1.tif
Set 676 of 828: G4_182plate4.tif
Set 677 of 828: G4_183plate4.tif
Set 678 of 828: G4_216plate5.tif
Set 679 of 828: G4_217plate5.tif
Set 680 of 828: G4_218plate5.tif
Set 681 of 828: G5_066plate3.tif
Set 682 of 828: G5_079plate2.tif
Set 683 of 828: G5_112plate1.tif
Set 684 of 828: G5_113plate1.tif
Set 685 of 828: G5_184plate4.tif
Set 686 of 828: G5_185plate4.tif
Set 687 of 828: G5_186plate4.tif
Set 688 of 828: G5_219plate5.tif
Set 689 of 828: G5_220plate5.tif
Set 690 of 828: G5_221plate5.tif
Set 691 of 828: G6_078plate2.tif
Set 692 of 828: G6_114plate1.tif
Set 693 of 828: G6_115plate1.tif
Set 694 of 828: G6_187plate4.tif
Set 695 of 828: G6_188plate4.tif
Set 696 of 828: G6_189plate4.tif
Set 697 of 828: G6_222plate5.tif
Set 698 of 828: G6_223plate5.tif
Set 699 of 828: G6_224plate5.tif
Set 700 of 828: G7_077plate2.tif
Set 701 of 828: G7_116plate1.tif
Set 702 of 828: G7_117plate1.tif
Set 703 of 828: G7_190plate4.tif
Set 704 of 828: G7_191plate4.tif
Set 705 of 828: G7_192plate4.tif
Set 706 of 828: G7_225plate5.tif
Set 707 of 828: G7_226plate5.tif
Set 708 of 828: G7_227plate5.tif
Set 709 of 828: G8_076plate2.tif
Set 710 of 828: G8_118plate1.tif
Set 711 of 828: G8_120plate1.tif
Set 712 of 828: G8_193plate4.tif
Set 713 of 828: G8_194plate4.tif
Set 714 of 828: G8_195plate4.tif
Set 715 of 828: G8_228plate5.tif
Set 716 of 828: G8_229plate5.tif
Set 717 of 828: G8_230plate5.tif
Set 718 of 828: G9_037plate6.tif
Set 719 of 828: G9_075plate2.tif
Set 720 of 828: G9_121plate1.tif
Set 721 of 828: G9_122plate1.tif
Set 722 of 828: G9_196plate4.tif
Set 723 of 828: G9_197plate4.tif
Set 724 of 828: G9_198plate4.tif
Set 725 of 828: G9_231plate5.tif
Set 726 of 828: G9_232plate5.tif
Set 727 of 828: G9_233plate5.tif
Set 728 of 828: H10_077plate3.tif
Set 729 of 828: H10_089plate2.tif
Set 730 of 828: H10_138plate1.tif
Set 731 of 828: H10_139plate1.tif
Set 732 of 828: H10_228plate4.tif
Set 733 of 828: H10_229plate4.tif
Set 734 of 828: H10_230plate4.tif
Set 735 of 828: H10_263plate5.tif
Set 736 of 828: H10_264plate5.tif
Set 737 of 828: H10_265plate5.tif
Set 738 of 828: H11_040plate6.tif
Set 739 of 828: H11_090plate2.tif
Set 740 of 828: H11_140plate1.tif
Set 741 of 828: H11_141plate1.tif
Set 742 of 828: H11_231plate4.tif
Set 743 of 828: H11_232plate4.tif
Set 744 of 828: H11_233plate4.tif
Set 745 of 828: H11_266plate5.tif
Set 746 of 828: H11_267plate5.tif
Set 747 of 828: H11_268plate5.tif
Set 748 of 828: H12_039plate6.tif
Set 749 of 828: H12_091plate2.tif
Set 750 of 828: H12_142plate1.tif
Set 751 of 828: H12_143plate1.tif
Set 752 of 828: H12_234plate4.tif
Set 753 of 828: H12_235plate4.tif
Set 754 of 828: H12_269plate5.tif
Set 755 of 828: H12_270plate5.tif
Set 756 of 828: H1_012plate1.tif
Set 757 of 828: H1_069plate3.tif
Set 758 of 828: H1_082plate2.tif
Set 759 of 828: H1_205plate4.tif
Set 760 of 828: H1_206plate4.tif
Set 761 of 828: H1_240plate5.tif
Set 762 of 828: H1_241plate5.tif
Set 763 of 828: H1_242plate5.tif
Set 764 of 828: H2_070plate3.tif
Set 765 of 828: H2_083plate2.tif
Set 766 of 828: H2_127plate1.tif
Set 767 of 828: H2_128plate1.tif
Set 768 of 828: H2_207plate4.tif
Set 769 of 828: H2_208plate4.tif
Set 770 of 828: H2_209plate4.tif
Set 771 of 828: H2_243plate5.tif
Set 772 of 828: H2_244plate5.tif
Set 773 of 828: H2_245plate5.tif
Set 774 of 828: H3_071plate3.tif
Set 775 of 828: H3_084plate2.tif
Set 776 of 828: H3_129plate1.tif
Set 777 of 828: H3_130plate1.tif
Set 778 of 828: H3_210plate4.tif
Set 779 of 828: H3_211plate4.tif
Set 780 of 828: H3_212plate4.tif
Set 781 of 828: H3_246plate5.tif
Set 782 of 828: H3_247plate5.tif
Set 783 of 828: H3_248plate5.tif
Set 784 of 828: H5_072plate3.tif
Set 785 of 828: H5_085plate2.tif
Set 786 of 828: H5_131plate1.tif
Set 787 of 828: H5_132plate1.tif
Set 788 of 828: H5_213plate4.tif
Set 789 of 828: H5_214plate4.tif
Set 790 of 828: H5_215plate4.tif
Set 791 of 828: H5_249plate5.tif
Set 792 of 828: H5_250plate5.tif
Set 793 of 828: H5_251plate5.tif
Set 794 of 828: H6_073plate3.tif
Set 795 of 828: H6_086plate2.tif
Set 796 of 828: H6_133plate1.tif
Set 797 of 828: H6_134plate1.tif
Set 798 of 828: H6_216plate4.tif
Set 799 of 828: H6_217plate4.tif
Set 800 of 828: H6_218plate4.tif
Set 801 of 828: H6_252plate5.tif
Set 802 of 828: H6_253plate5.tif
Set 803 of 828: H6_254plate5.tif
Set 804 of 828: H7_074plate3.tif
Set 805 of 828: H7_087plate2.tif
Set 806 of 828: H7_135plate1.tif
Set 807 of 828: H7_219plate4.tif
Set 808 of 828: H7_220plate4.tif
Set 809 of 828: H7_221plate4.tif
Set 810 of 828: H7_255plate5.tif
Set 811 of 828: H7_256plate5.tif
Set 812 of 828: H7_257plate5.tif
Set 813 of 828: H8_075plate3.tif
Set 814 of 828: H8_088plate2.tif
Set 815 of 828: H8_136plate1.tif
Set 816 of 828: H8_222plate4.tif
Set 817 of 828: H8_223plate4.tif
Set 818 of 828: H8_224plate4.tif
Set 819 of 828: H8_258plate5.tif
Set 820 of 828: H8_259plate5.tif
Set 821 of 828: H8_260plate5.tif
Set 822 of 828: H9_076plate3.tif
Set 823 of 828: H9_137plate1.tif
Set 824 of 828: H9_225plate4.tif
Set 825 of 828: H9_226plate4.tif
Set 826 of 828: H9_227plate4.tif
Set 827 of 828: H9_261plate5.tif
Set 828 of 828: H9_262plate5.tif
Saved 32329 cell rows to /media/ograciac/light-roast/ograciac/MorroCells/DatasetsParsho/Titin-insilico/results/final_data.csv
Saved 323290 radial rows to /media/ograciac/light-roast/ograciac/MorroCells/DatasetsParsho/Titin-insilico/results/radial_distribution.csv
